Component: ARM Compiler 5.06 update 7 (build 960) Tool: armlink [4d3601]

==============================================================================

Section Cross References

    startup_stm32f427xx.o(RESET) refers to startup_stm32f427xx.o(STACK) for __initial_sp
    startup_stm32f427xx.o(RESET) refers to startup_stm32f427xx.o(.text) for Reset_Handler
    startup_stm32f427xx.o(RESET) refers to stm32f4xx_it.o(i.NMI_Handler) for NMI_Handler
    startup_stm32f427xx.o(RESET) refers to stm32f4xx_it.o(i.HardFault_Handler) for HardFault_Handler
    startup_stm32f427xx.o(RESET) refers to stm32f4xx_it.o(i.MemManage_Handler) for MemManage_Handler
    startup_stm32f427xx.o(RESET) refers to stm32f4xx_it.o(i.BusFault_Handler) for BusFault_Handler
    startup_stm32f427xx.o(RESET) refers to stm32f4xx_it.o(i.UsageFault_Handler) for UsageFault_Handler
    startup_stm32f427xx.o(RESET) refers to stm32f4xx_it.o(i.SVC_Handler) for SVC_Handler
    startup_stm32f427xx.o(RESET) refers to stm32f4xx_it.o(i.DebugMon_Handler) for DebugMon_Handler
    startup_stm32f427xx.o(RESET) refers to stm32f4xx_it.o(i.PendSV_Handler) for PendSV_Handler
    startup_stm32f427xx.o(RESET) refers to stm32f4xx_it.o(i.SysTick_Handler) for SysTick_Handler
    startup_stm32f427xx.o(RESET) refers to stm32f4xx_it.o(i.DMA1_Stream6_IRQHandler) for DMA1_Stream6_IRQHandler
    startup_stm32f427xx.o(RESET) refers to stm32f4xx_it.o(i.CAN1_TX_IRQHandler) for CAN1_TX_IRQHandler
    startup_stm32f427xx.o(RESET) refers to stm32f4xx_it.o(i.CAN1_RX0_IRQHandler) for CAN1_RX0_IRQHandler
    startup_stm32f427xx.o(RESET) refers to remote_control.o(i.USART1_IRQHandler) for USART1_IRQHandler
    startup_stm32f427xx.o(RESET) refers to stm32f4xx_it.o(i.USART2_IRQHandler) for USART2_IRQHandler
    startup_stm32f427xx.o(RESET) refers to stm32f4xx_it.o(i.DMA2_Stream2_IRQHandler) for DMA2_Stream2_IRQHandler
    startup_stm32f427xx.o(RESET) refers to stm32f4xx_it.o(i.CAN2_TX_IRQHandler) for CAN2_TX_IRQHandler
    startup_stm32f427xx.o(RESET) refers to stm32f4xx_it.o(i.CAN2_RX0_IRQHandler) for CAN2_RX0_IRQHandler
    startup_stm32f427xx.o(.text) refers to system_stm32f4xx.o(i.SystemInit) for SystemInit
    startup_stm32f427xx.o(.text) refers to entry.o(.ARM.Collect$$$$00000000) for __main
    main.o(i.SystemClock_Config) refers to memseta.o(.text) for __aeabi_memclr4
    main.o(i.SystemClock_Config) refers to stm32f4xx_hal_rcc.o(i.HAL_RCC_OscConfig) for HAL_RCC_OscConfig
    main.o(i.SystemClock_Config) refers to main.o(i.Error_Handler) for Error_Handler
    main.o(i.SystemClock_Config) refers to stm32f4xx_hal_rcc.o(i.HAL_RCC_ClockConfig) for HAL_RCC_ClockConfig
    main.o(i.main) refers to stm32f4xx_hal.o(i.HAL_Init) for HAL_Init
    main.o(i.main) refers to main.o(i.SystemClock_Config) for SystemClock_Config
    main.o(i.main) refers to gpio.o(i.MX_GPIO_Init) for MX_GPIO_Init
    main.o(i.main) refers to dma.o(i.MX_DMA_Init) for MX_DMA_Init
    main.o(i.main) refers to can.o(i.MX_CAN1_Init) for MX_CAN1_Init
    main.o(i.main) refers to can.o(i.MX_CAN2_Init) for MX_CAN2_Init
    main.o(i.main) refers to usart.o(i.MX_USART1_UART_Init) for MX_USART1_UART_Init
    main.o(i.main) refers to usart.o(i.MX_USART2_UART_Init) for MX_USART2_UART_Init
    main.o(i.main) refers to remote_control.o(i.HAL_UART_Receive_IT_IDLE) for HAL_UART_Receive_IT_IDLE
    main.o(i.main) refers to bsp_can.o(i.can_filter_init) for can_filter_init
    main.o(i.main) refers to pid.o(i.PID_Total_Init) for PID_Total_Init
    main.o(i.main) refers to scheduler.o(i.scheduler_init) for scheduler_init
    main.o(i.main) refers to stm32f4xx_hal.o(i.HAL_Delay) for HAL_Delay
    main.o(i.main) refers to printfa.o(i.__0printf) for __2printf
    main.o(i.main) refers to scheduler.o(i.scheduler_run) for scheduler_run
    main.o(i.main) refers to pid.o(i.LimitAcceleration) for LimitAcceleration
    main.o(i.main) refers to pid.o(i.Motor_PID_calc) for Motor_PID_calc
    main.o(i.main) refers to bsp_can.o(i.Set_motor_cmd) for Set_motor_cmd
    main.o(i.main) refers to f2d.o(.text) for __aeabi_f2d
    main.o(i.main) refers to remote_control.o(.bss) for UART_Buffer
    main.o(i.main) refers to usart.o(.bss) for huart1
    main.o(i.main) refers to bsp_can.o(.bss) for Motor_measure
    main.o(i.main) refers to main.o(.data) for i
    main.o(i.main) refers to pid.o(.bss) for Motor_pid_SPEED
    main.o(i.main) refers to can.o(.bss) for hcan1
    gpio.o(i.MX_GPIO_Init) refers to memseta.o(.text) for __aeabi_memclr4
    gpio.o(i.MX_GPIO_Init) refers to stm32f4xx_hal_gpio.o(i.HAL_GPIO_WritePin) for HAL_GPIO_WritePin
    gpio.o(i.MX_GPIO_Init) refers to stm32f4xx_hal_gpio.o(i.HAL_GPIO_Init) for HAL_GPIO_Init
    can.o(i.HAL_CAN_MspDeInit) refers to stm32f4xx_hal_gpio.o(i.HAL_GPIO_DeInit) for HAL_GPIO_DeInit
    can.o(i.HAL_CAN_MspDeInit) refers to stm32f4xx_hal_cortex.o(i.HAL_NVIC_DisableIRQ) for HAL_NVIC_DisableIRQ
[...]
    Removing stm32f4xx_hal_uart.o(i.HAL_UART_AbortTransmit), (100 bytes).
    Removing stm32f4xx_hal_uart.o(i.HAL_UART_AbortTransmitCpltCallback), (2 bytes).
    Removing stm32f4xx_hal_uart.o(i.HAL_UART_AbortTransmit_IT), (120 bytes).
    Removing stm32f4xx_hal_uart.o(i.HAL_UART_Abort_IT), (256 bytes).
    Removing stm32f4xx_hal_uart.o(i.HAL_UART_DMAPause), (120 bytes).
    Removing stm32f4xx_hal_uart.o(i.HAL_UART_DMAResume), (116 bytes).
    Removing stm32f4xx_hal_uart.o(i.HAL_UART_DMAStop), (112 bytes).
    Removing stm32f4xx_hal_uart.o(i.HAL_UART_DeInit), (56 bytes).
    Removing stm32f4xx_hal_uart.o(i.HAL_UART_GetError), (4 bytes).
    Removing stm32f4xx_hal_uart.o(i.HAL_UART_GetState), (12 bytes).
    Removing stm32f4xx_hal_uart.o(i.HAL_UART_MspDeInit), (2 bytes).
    Removing stm32f4xx_hal_uart.o(i.HAL_UART_MspInit), (2 bytes).
    Removing stm32f4xx_hal_uart.o(i.HAL_UART_Receive), (188 bytes).
    Removing stm32f4xx_hal_uart.o(i.HAL_UART_Receive_DMA), (28 bytes).
    Removing stm32f4xx_hal_uart.o(i.HAL_UART_Receive_IT), (28 bytes).
    Removing stm32f4xx_hal_uart.o(i.HAL_UART_RxHalfCpltCallback), (2 bytes).
    Removing stm32f4xx_hal_uart.o(i.HAL_UART_Transmit_DMA), (148 bytes).
    Removing stm32f4xx_hal_uart.o(i.HAL_UART_Transmit_IT), (50 bytes).
    Removing stm32f4xx_hal_uart.o(i.HAL_UART_TxHalfCpltCallback), (2 bytes).
    Removing stm32f4xx_hal_uart.o(i.UART_DMAError), (74 bytes).
    Removing stm32f4xx_hal_uart.o(i.UART_DMAReceiveCplt), (144 bytes).
    Removing stm32f4xx_hal_uart.o(i.UART_DMARxAbortCallback), (46 bytes).
    Removing stm32f4xx_hal_uart.o(i.UART_DMARxHalfCplt), (30 bytes).
    Removing stm32f4xx_hal_uart.o(i.UART_DMARxOnlyAbortCallback), (22 bytes).
    Removing stm32f4xx_hal_uart.o(i.UART_DMATransmitCplt), (68 bytes).
    Removing stm32f4xx_hal_uart.o(i.UART_DMATxAbortCallback), (46 bytes).
    Removing stm32f4xx_hal_uart.o(i.UART_DMATxHalfCplt), (10 bytes).
    Removing stm32f4xx_hal_uart.o(i.UART_DMATxOnlyAbortCallback), (20 bytes).
    Removing stm32f4xx_hal_uart.o(i.UART_EndTxTransfer), (28 bytes).
    Removing stm32f4xx_hal_uart.o(i.UART_Start_Receive_DMA), (160 bytes).
    Removing stm32f4xx_hal_uart.o(i.UART_Start_Receive_IT), (56 bytes).

324 unused section(s) (total 19122 bytes) removed from the image.

==============================================================================

Image Symbol Table

    Local Symbols

    Symbol Name                              Value     Ov Type        Size  Object(Section)

    ../Drivers/STM32F4xx_HAL_Driver/Src/stm32f4xx_hal.c 0x00000000   Number         0  stm32f4xx_hal.o ABSOLUTE
    ../Drivers/STM32F4xx_HAL_Driver/Src/stm32f4xx_hal_can.c 0x00000000   Number         0  stm32f4xx_hal_can.o ABSOLUTE
    ../Drivers/STM32F4xx_HAL_Driver/Src/stm32f4xx_hal_cortex.c 0x00000000   Number         0  stm32f4xx_hal_cortex.o ABSOLUTE
    ../Drivers/STM32F4xx_HAL_Driver/Src/stm32f4xx_hal_dma.c 0x00000000   Number         0  stm32f4xx_hal_dma.o ABSOLUTE
    ../Drivers/STM32F4xx_HAL_Driver/Src/stm32f4xx_hal_dma_ex.c 0x00000000   Number         0  stm32f4xx_hal_dma_ex.o ABSOLUTE
    ../Drivers/STM32F4xx_HAL_Driver/Src/stm32f4xx_hal_exti.c 0x00000000   Number         0  stm32f4xx_hal_exti.o ABSOLUTE
    ../Drivers/STM32F4xx_HAL_Driver/Src/stm32f4xx_hal_flash.c 0x00000000   Number         0  stm32f4xx_hal_flash.o ABSOLUTE
    ../Drivers/STM32F4xx_HAL_Driver/Src/stm32f4xx_hal_flash_ex.c 0x00000000   Number         0  stm32f4xx_hal_flash_ex.o ABSOLUTE
    ../Drivers/STM32F4xx_HAL_Driver/Src/stm32f4xx_hal_flash_ramfunc.c 0x00000000   Number         0  stm32f4xx_hal_flash_ramfunc.o ABSOLUTE
    ../Drivers/STM32F4xx_HAL_Driver/Src/stm32f4xx_hal_gpio.c 0x00000000   Number         0  stm32f4xx_hal_gpio.o ABSOLUTE
    ../Drivers/STM32F4xx_HAL_Driver/Src/stm32f4xx_hal_pwr.c 0x00000000   Number         0  stm32f4xx_hal_pwr.o ABSOLUTE
    ../Drivers/STM32F4xx_HAL_Driver/Src/stm32f4xx_hal_pwr_ex.c 0x00000000   Number         0  stm32f4xx_hal_pwr_ex.o ABSOLUTE
    ../Drivers/STM32F4xx_HAL_Driver/Src/stm32f4xx_hal_rcc.c 0x00000000   Number         0  stm32f4xx_hal_rcc.o ABSOLUTE
    ../Drivers/STM32F4xx_HAL_Driver/Src/stm32f4xx_hal_rcc_ex.c 0x00000000   Number         0  stm32f4xx_hal_rcc_ex.o ABSOLUTE
    ../Drivers/STM32F4xx_HAL_Driver/Src/stm32f4xx_hal_tim.c 0x00000000   Number         0  stm32f4xx_hal_tim.o ABSOLUTE
    ../Drivers/STM32F4xx_HAL_Driver/Src/stm32f4xx_hal_tim_ex.c 0x00000000   Number         0  stm32f4xx_hal_tim_ex.o ABSOLUTE
    ../Drivers/STM32F4xx_HAL_Driver/Src/stm32f4xx_hal_uart.c 0x00000000   Number         0  stm32f4xx_hal_uart.o ABSOLUTE
    ../Src/can.c                             0x00000000   Number         0  can.o ABSOLUTE
    ../Src/dma.c                             0x00000000   Number         0  dma.o ABSOLUTE
    ../Src/gpio.c                            0x00000000   Number         0  gpio.o ABSOLUTE
    ../Src/main.c                            0x00000000   Number         0  main.o ABSOLUTE
    ../Src/stm32f4xx_hal_msp.c               0x00000000   Number         0  stm32f4xx_hal_msp.o ABSOLUTE
    ../Src/stm32f4xx_it.c                    0x00000000   Number         0  stm32f4xx_it.o ABSOLUTE
    ../Src/system_stm32f4xx.c                0x00000000   Number         0  system_stm32f4xx.o ABSOLUTE
    ../Src/usart.c                           0x00000000   Number         0  usart.o ABSOLUTE
    ../clib/microlib/division.c              0x00000000   Number         0  uldiv.o ABSOLUTE
    ../clib/microlib/division.c              0x00000000   Number         0  uidiv.o ABSOLUTE
    ../clib/microlib/init/entry.s            0x00000000   Number         0  entry7a.o ABSOLUTE
    ../clib/microlib/init/entry.s            0x00000000   Number         0  entry5.o ABSOLUTE
    ../clib/microlib/init/entry.s            0x00000000   Number         0  entry2.o ABSOLUTE
    ../clib/microlib/init/entry.s            0x00000000   Number         0  entry7b.o ABSOLUTE
    ../clib/microlib/init/entry.s            0x00000000   Number         0  entry9b.o ABSOLUTE
    ../clib/microlib/init/entry.s            0x00000000   Number         0  entry11a.o ABSOLUTE
    ../clib/microlib/init/entry.s            0x00000000   Number         0  entry.o ABSOLUTE
    ../clib/microlib/init/entry.s            0x00000000   Number         0  entry10b.o ABSOLUTE
    ../clib/microlib/init/entry.s            0x00000000   Number         0  entry11b.o ABSOLUTE
    ../clib/microlib/init/entry.s            0x00000000   Number         0  entry10a.o ABSOLUTE
    ../clib/microlib/init/entry.s            0x00000000   Number         0  entry9a.o ABSOLUTE
    ../clib/microlib/init/entry.s            0x00000000   Number         0  entry8b.o ABSOLUTE
    ../clib/microlib/init/entry.s            0x00000000   Number         0  entry12a.o ABSOLUTE
    ../clib/microlib/init/entry.s            0x00000000   Number         0  entry8a.o ABSOLUTE
    ../clib/microlib/init/entry.s            0x00000000   Number         0  entry12b.o ABSOLUTE
    ../clib/microlib/longlong.c              0x00000000   Number         0  llsshr.o ABSOLUTE
    ../clib/microlib/longlong.c              0x00000000   Number         0  llushr.o ABSOLUTE
    ../clib/microlib/longlong.c              0x00000000   Number         0  llshl.o ABSOLUTE
    ../clib/microlib/printf/printf.c         0x00000000   Number         0  printf7.o ABSOLUTE
    ../clib/microlib/printf/printf.c         0x00000000   Number         0  printf8.o ABSOLUTE
    ../clib/microlib/printf/printf.c         0x00000000   Number         0  printfa.o ABSOLUTE
    ../clib/microlib/printf/printf.c         0x00000000   Number         0  printfb.o ABSOLUTE
    ../clib/microlib/printf/printf.c         0x00000000   Number         0  printf2.o ABSOLUTE
    ../clib/microlib/printf/printf.c         0x00000000   Number         0  printf4.o ABSOLUTE
    ../clib/microlib/printf/printf.c         0x00000000   Number         0  printf3.o ABSOLUTE
    ../clib/microlib/printf/printf.c         0x00000000   Number         0  printf1.o ABSOLUTE
    ../clib/microlib/printf/printf.c         0x00000000   Number         0  printf5.o ABSOLUTE
    ../clib/microlib/printf/printf.c         0x00000000   Number         0  printf0.o ABSOLUTE
    ../clib/microlib/printf/printf.c         0x00000000   Number         0  printf6.o ABSOLUTE
    ../clib/microlib/printf/stubs.s          0x00000000   Number         0  stubs.o ABSOLUTE
    ../clib/microlib/stdio/streams.c         0x00000000   Number         0  stdout.o ABSOLUTE
    ../clib/microlib/string/memset.c         0x00000000   Number         0  memseta.o ABSOLUTE
    ../clib/microlib/stubs.s                 0x00000000   Number         0  iusefp.o ABSOLUTE
    ../fplib/microlib/f2d.c                  0x00000000   Number         0  f2d.o ABSOLUTE
    ../fplib/microlib/fpadd.c                0x00000000   Number         0  dadd.o ABSOLUTE
    ../fplib/microlib/fpdiv.c                0x00000000   Number         0  ddiv.o ABSOLUTE
    ../fplib/microlib/fpepilogue.c           0x00000000   Number         0  depilogue.o ABSOLUTE
    ../fplib/microlib/fpfix.c                0x00000000   Number         0  dfixul.o ABSOLUTE
    ../fplib/microlib/fpmul.c                0x00000000   Number         0  dmul.o ABSOLUTE
    ../mathlib/fabs.c                        0x00000000   Number         0  fabs.o ABSOLUTE
    ..\BSP\bsp_can.c                         0x00000000   Number         0  bsp_can.o ABSOLUTE
    ..\BSP\key_app.c                         0x00000000   Number         0  key_app.o ABSOLUTE
    ..\BSP\motor_pid.c                       0x00000000   Number         0  motor_pid.o ABSOLUTE
    ..\BSP\pid.c                             0x00000000   Number         0  pid.o ABSOLUTE
    ..\BSP\remote_control.c                  0x00000000   Number         0  remote_control.o ABSOLUTE
    ..\BSP\ringbuffer.c                      0x00000000   Number         0  ringbuffer.o ABSOLUTE
    ..\BSP\scheduler.c                       0x00000000   Number         0  scheduler.o ABSOLUTE
    ..\BSP\usart_app.c                       0x00000000   Number         0  usart_app.o ABSOLUTE
    ..\Drivers\STM32F4xx_HAL_Driver\Src\stm32f4xx_hal.c 0x00000000   Number         0  stm32f4xx_hal.o ABSOLUTE
    ..\Drivers\STM32F4xx_HAL_Driver\Src\stm32f4xx_hal_can.c 0x00000000   Number         0  stm32f4xx_hal_can.o ABSOLUTE
    ..\Drivers\STM32F4xx_HAL_Driver\Src\stm32f4xx_hal_cortex.c 0x00000000   Number         0  stm32f4xx_hal_cortex.o ABSOLUTE
    ..\Drivers\STM32F4xx_HAL_Driver\Src\stm32f4xx_hal_dma.c 0x00000000   Number         0  stm32f4xx_hal_dma.o ABSOLUTE
    ..\Drivers\STM32F4xx_HAL_Driver\Src\stm32f4xx_hal_dma_ex.c 0x00000000   Number         0  stm32f4xx_hal_dma_ex.o ABSOLUTE
    ..\Drivers\STM32F4xx_HAL_Driver\Src\stm32f4xx_hal_exti.c 0x00000000   Number         0  stm32f4xx_hal_exti.o ABSOLUTE
    ..\Drivers\STM32F4xx_HAL_Driver\Src\stm32f4xx_hal_flash.c 0x00000000   Number         0  stm32f4xx_hal_flash.o ABSOLUTE
    ..\Drivers\STM32F4xx_HAL_Driver\Src\stm32f4xx_hal_flash_ex.c 0x00000000   Number         0  stm32f4xx_hal_flash_ex.o ABSOLUTE
    ..\Drivers\STM32F4xx_HAL_Driver\Src\stm32f4xx_hal_flash_ramfunc.c 0x00000000   Number         0  stm32f4xx_hal_flash_ramfunc.o ABSOLUTE
    ..\Drivers\STM32F4xx_HAL_Driver\Src\stm32f4xx_hal_gpio.c 0x00000000   Number         0  stm32f4xx_hal_gpio.o ABSOLUTE
    ..\Drivers\STM32F4xx_HAL_Driver\Src\stm32f4xx_hal_pwr.c 0x00000000   Number         0  stm32f4xx_hal_pwr.o ABSOLUTE
    ..\Drivers\STM32F4xx_HAL_Driver\Src\stm32f4xx_hal_pwr_ex.c 0x00000000   Number         0  stm32f4xx_hal_pwr_ex.o ABSOLUTE
    ..\Drivers\STM32F4xx_HAL_Driver\Src\stm32f4xx_hal_rcc.c 0x00000000   Number         0  stm32f4xx_hal_rcc.o ABSOLUTE
    ..\Drivers\STM32F4xx_HAL_Driver\Src\stm32f4xx_hal_rcc_ex.c 0x00000000   Number         0  stm32f4xx_hal_rcc_ex.o ABSOLUTE
    ..\Drivers\STM32F4xx_HAL_Driver\Src\stm32f4xx_hal_tim.c 0x00000000   Number         0  stm32f4xx_hal_tim.o ABSOLUTE
    ..\Drivers\STM32F4xx_HAL_Driver\Src\stm32f4xx_hal_tim_ex.c 0x00000000   Number         0  stm32f4xx_hal_tim_ex.o ABSOLUTE
    ..\Drivers\STM32F4xx_HAL_Driver\Src\stm32f4xx_hal_uart.c 0x00000000   Number         0  stm32f4xx_hal_uart.o ABSOLUTE
    ..\Src\can.c                             0x00000000   Number         0  can.o ABSOLUTE
    ..\Src\dma.c                             0x00000000   Number         0  dma.o ABSOLUTE
    ..\Src\gpio.c                            0x00000000   Number         0  gpio.o ABSOLUTE
    ..\Src\main.c                            0x00000000   Number         0  main.o ABSOLUTE
    ..\Src\stm32f4xx_hal_msp.c               0x00000000   Number         0  stm32f4xx_hal_msp.o ABSOLUTE
    ..\Src\stm32f4xx_it.c                    0x00000000   Number         0  stm32f4xx_it.o ABSOLUTE
    ..\Src\system_stm32f4xx.c                0x00000000   Number         0  system_stm32f4xx.o ABSOLUTE
    ..\Src\usart.c                           0x00000000   Number         0  usart.o ABSOLUTE
    ..\\BSP\\bsp_can.c                       0x00000000   Number         0  bsp_can.o ABSOLUTE
    ..\\BSP\\key_app.c                       0x00000000   Number         0  key_app.o ABSOLUTE
    ..\\BSP\\pid.c                           0x00000000   Number         0  pid.o ABSOLUTE
    ..\\BSP\\remote_control.c                0x00000000   Number         0  remote_control.o ABSOLUTE
    ..\\BSP\\ringbuffer.c                    0x00000000   Number         0  ringbuffer.o ABSOLUTE
    ..\\BSP\\scheduler.c                     0x00000000   Number         0  scheduler.o ABSOLUTE
    ..\\BSP\\usart_app.c                     0x00000000   Number         0  usart_app.o ABSOLUTE
    cdcmple.s                                0x00000000   Number         0  cdcmple.o ABSOLUTE
    cdrcmple.s                               0x00000000   Number         0  cdrcmple.o ABSOLUTE
    dc.s                                     0x00000000   Number         0  dc.o ABSOLUTE
    handlers.s                               0x00000000   Number         0  handlers.o ABSOLUTE
    init.s                                   0x00000000   Number         0  init.o ABSOLUTE
    startup_stm32f427xx.s                    0x00000000   Number         0  startup_stm32f427xx.o ABSOLUTE
    RESET                                    0x08000000   Section      428  startup_stm32f427xx.o(RESET)
    .ARM.Collect$$$$00000000                 0x080001ac   Section        0  entry.o(.ARM.Collect$$$$00000000)
    .ARM.Collect$$$$00000001                 0x080001ac   Section        4  entry2.o(.ARM.Collect$$$$00000001)
    .ARM.Collect$$$$00000004                 0x080001b0   Section        4  entry5.o(.ARM.Collect$$$$00000004)
    .ARM.Collect$$$$00000008                 0x080001b4   Section        0  entry7b.o(.ARM.Collect$$$$00000008)
    .ARM.Collect$$$$0000000A                 0x080001b4   Section        0  entry8b.o(.ARM.Collect$$$$0000000A)
    .ARM.Collect$$$$0000000B                 0x080001b4   Section        8  entry9a.o(.ARM.Collect$$$$0000000B)
    .ARM.Collect$$$$0000000E                 0x080001bc   Section        4  entry12b.o(.ARM.Collect$$$$0000000E)
    .ARM.Collect$$$$0000000F                 0x080001c0   Section        0  entry10a.o(.ARM.Collect$$$$0000000F)
    .ARM.Collect$$$$00000011                 0x080001c0   Section        0  entry11a.o(.ARM.Collect$$$$00000011)
    .ARM.Collect$$$$00002712                 0x080001c0   Section        4  entry2.o(.ARM.Collect$$$$00002712)
    __lit__00000000                          0x080001c0   Data           4  entry2.o(.ARM.Collect$$$$00002712)
    .text                                    0x080001c4   Section       36  startup_stm32f427xx.o(.text)
    $v0                                      0x080001c4   Number         0  startup_stm32f427xx.o(.text)
    .text                                    0x080001e8   Section        0  uldiv.o(.text)
    .text                                    0x0800024a   Section        0  memseta.o(.text)
    .text                                    0x0800026e   Section        0  f2d.o(.text)
    .text                                    0x08000294   Section       48  cdcmple.o(.text)
    .text                                    0x080002c4   Section       48  cdrcmple.o(.text)
    .text                                    0x080002f4   Section        0  uidiv.o(.text)
    .text                                    0x08000320   Section        0  llshl.o(.text)
    .text                                    0x0800033e   Section        0  llushr.o(.text)
    .text                                    0x0800035e   Section        0  iusefp.o(.text)
    .text                                    0x0800035e   Section        0  dadd.o(.text)
    .text                                    0x080004ac   Section        0  dmul.o(.text)
    .text                                    0x08000590   Section        0  ddiv.o(.text)
    .text                                    0x0800066e   Section        0  dfixul.o(.text)
    .text                                    0x080006a0   Section       36  init.o(.text)
    .text                                    0x080006c4   Section        0  llsshr.o(.text)
    .text                                    0x080006e8   Section        0  depilogue.o(.text)
    i.BusFault_Handler                       0x080007a2   Section        0  stm32f4xx_it.o(i.BusFault_Handler)
    i.CAN1_RX0_IRQHandler                    0x080007a8   Section        0  stm32f4xx_it.o(i.CAN1_RX0_IRQHandler)
    i.CAN1_TX_IRQHandler                     0x080007b8   Section        0  stm32f4xx_it.o(i.CAN1_TX_IRQHandler)
    i.CAN2_RX0_IRQHandler                    0x080007c8   Section        0  stm32f4xx_it.o(i.CAN2_RX0_IRQHandler)
    i.CAN2_TX_IRQHandler                     0x080007d8   Section        0  stm32f4xx_it.o(i.CAN2_TX_IRQHandler)
    i.Callback_RC_Handle                     0x080007e8   Section        0  remote_control.o(i.Callback_RC_Handle)
    i.DMA1_Stream6_IRQHandler                0x080008b4   Section        0  stm32f4xx_it.o(i.DMA1_Stream6_IRQHandler)
    i.DMA2_Stream2_IRQHandler                0x080008c4   Section        0  stm32f4xx_it.o(i.DMA2_Stream2_IRQHandler)
    i.DMA_CalcBaseAndBitshift                0x080008d4   Section        0  stm32f4xx_hal_dma.o(i.DMA_CalcBaseAndBitshift)
    DMA_CalcBaseAndBitshift                  0x080008d5   Thumb Code    44  stm32f4xx_hal_dma.o(i.DMA_CalcBaseAndBitshift)
    i.DMA_CheckFifoParam                     0x08000908   Section        0  stm32f4xx_hal_dma.o(i.DMA_CheckFifoParam)
    DMA_CheckFifoParam                       0x08000909   Thumb Code   126  stm32f4xx_hal_dma.o(i.DMA_CheckFifoParam)
    i.DMA_SetConfig                          0x08000986   Section        0  stm32f4xx_hal_dma.o(i.DMA_SetConfig)
    DMA_SetConfig                            0x08000987   Thumb Code    56  stm32f4xx_hal_dma.o(i.DMA_SetConfig)
    i.DebugMon_Handler                       0x080009be   Section        0  stm32f4xx_it.o(i.DebugMon_Handler)
    i.Error_Handler                          0x080009c0   Section        0  main.o(i.Error_Handler)
    i.HAL_CAN_ActivateNotification           0x080009c6   Section        0  stm32f4xx_hal_can.o(i.HAL_CAN_ActivateNotification)
    i.HAL_CAN_AddTxMessage                   0x080009ea   Section        0  stm32f4xx_hal_can.o(i.HAL_CAN_AddTxMessage)
    i.HAL_CAN_ConfigFilter                   0x08000adc   Section        0  stm32f4xx_hal_can.o(i.HAL_CAN_ConfigFilter)
    i.HAL_CAN_ErrorCallback                  0x08000c04   Section        0  stm32f4xx_hal_can.o(i.HAL_CAN_ErrorCallback)
    i.HAL_CAN_GetRxMessage                   0x08000c06   Section        0  stm32f4xx_hal_can.o(i.HAL_CAN_GetRxMessage)
    i.HAL_CAN_IRQHandler                     0x08000d7a   Section        0  stm32f4xx_hal_can.o(i.HAL_CAN_IRQHandler)
    i.HAL_CAN_Init                           0x08000fae   Section        0  stm32f4xx_hal_can.o(i.HAL_CAN_Init)
    i.HAL_CAN_MspInit                        0x08001118   Section        0  can.o(i.HAL_CAN_MspInit)
    i.HAL_CAN_RxFifo0FullCallback            0x0800129c   Section        0  stm32f4xx_hal_can.o(i.HAL_CAN_RxFifo0FullCallback)
    i.HAL_CAN_RxFifo0MsgPendingCallback      0x080012a0   Section        0  bsp_can.o(i.HAL_CAN_RxFifo0MsgPendingCallback)
    i.HAL_CAN_RxFifo1FullCallback            0x08001308   Section        0  stm32f4xx_hal_can.o(i.HAL_CAN_RxFifo1FullCallback)
    i.HAL_CAN_RxFifo1MsgPendingCallback      0x0800130a   Section        0  stm32f4xx_hal_can.o(i.HAL_CAN_RxFifo1MsgPendingCallback)
    i.HAL_CAN_SleepCallback                  0x0800130c   Section        0  stm32f4xx_hal_can.o(i.HAL_CAN_SleepCallback)
    i.HAL_CAN_Start                          0x0800130e   Section        0  stm32f4xx_hal_can.o(i.HAL_CAN_Start)
    i.HAL_CAN_TxMailbox0AbortCallback        0x08001372   Section        0  stm32f4xx_hal_can.o(i.HAL_CAN_TxMailbox0AbortCallback)
    i.HAL_CAN_TxMailbox0CompleteCallback     0x08001374   Section        0  stm32f4xx_hal_can.o(i.HAL_CAN_TxMailbox0CompleteCallback)
    i.HAL_CAN_TxMailbox1AbortCallback        0x08001376   Section        0  stm32f4xx_hal_can.o(i.HAL_CAN_TxMailbox1AbortCallback)
    i.HAL_CAN_TxMailbox1CompleteCallback     0x08001378   Section        0  stm32f4xx_hal_can.o(i.HAL_CAN_TxMailbox1CompleteCallback)
    i.HAL_CAN_TxMailbox2AbortCallback        0x0800137a   Section        0  stm32f4xx_hal_can.o(i.HAL_CAN_TxMailbox2AbortCallback)
    i.HAL_CAN_TxMailbox2CompleteCallback     0x0800137c   Section        0  stm32f4xx_hal_can.o(i.HAL_CAN_TxMailbox2CompleteCallback)
    i.HAL_CAN_WakeUpFromRxMsgCallback        0x0800137e   Section        0  stm32f4xx_hal_can.o(i.HAL_CAN_WakeUpFromRxMsgCallback)
    i.HAL_DMA_Abort                          0x08001380   Section        0  stm32f4xx_hal_dma.o(i.HAL_DMA_Abort)
    i.HAL_DMA_Abort_IT                       0x08001422   Section        0  stm32f4xx_hal_dma.o(i.HAL_DMA_Abort_IT)
    i.HAL_DMA_IRQHandler                     0x08001448   Section        0  stm32f4xx_hal_dma.o(i.HAL_DMA_IRQHandler)
    i.HAL_DMA_Init                           0x08001634   Section        0  stm32f4xx_hal_dma.o(i.HAL_DMA_Init)
    i.HAL_DMA_Start                          0x08001720   Section        0  stm32f4xx_hal_dma.o(i.HAL_DMA_Start)
    i.HAL_Delay                              0x0800176c   Section        0  stm32f4xx_hal.o(i.HAL_Delay)
    i.HAL_GPIO_Init                          0x08001794   Section        0  stm32f4xx_hal_gpio.o(i.HAL_GPIO_Init)
    i.HAL_GPIO_ReadPin                       0x080019e0   Section        0  stm32f4xx_hal_gpio.o(i.HAL_GPIO_ReadPin)
    i.HAL_GPIO_WritePin                      0x080019ee   Section        0  stm32f4xx_hal_gpio.o(i.HAL_GPIO_WritePin)
    i.HAL_GetTick                            0x080019fc   Section        0  stm32f4xx_hal.o(i.HAL_GetTick)
    i.HAL_IncTick                            0x08001a08   Section        0  stm32f4xx_hal.o(i.HAL_IncTick)
    i.HAL_Init                               0x08001a18   Section        0  stm32f4xx_hal.o(i.HAL_Init)
    i.HAL_InitTick                           0x08001a4c   Section        0  stm32f4xx_hal.o(i.HAL_InitTick)
    i.HAL_MspInit                            0x08001a90   Section        0  stm32f4xx_hal_msp.o(i.HAL_MspInit)
    i.HAL_NVIC_EnableIRQ                     0x08001ad8   Section        0  stm32f4xx_hal_cortex.o(i.HAL_NVIC_EnableIRQ)
    i.HAL_NVIC_SetPriority                   0x08001af4   Section        0  stm32f4xx_hal_cortex.o(i.HAL_NVIC_SetPriority)
    i.HAL_NVIC_SetPriorityGrouping           0x08001b5c   Section        0  stm32f4xx_hal_cortex.o(i.HAL_NVIC_SetPriorityGrouping)
    i.HAL_RCC_ClockConfig                    0x08001b80   Section        0  stm32f4xx_hal_rcc.o(i.HAL_RCC_ClockConfig)
    i.HAL_RCC_GetHCLKFreq                    0x08001cfc   Section        0  stm32f4xx_hal_rcc.o(i.HAL_RCC_GetHCLKFreq)
    i.HAL_RCC_GetPCLK1Freq                   0x08001d08   Section        0  stm32f4xx_hal_rcc.o(i.HAL_RCC_GetPCLK1Freq)
    i.HAL_RCC_GetPCLK2Freq                   0x08001d28   Section        0  stm32f4xx_hal_rcc.o(i.HAL_RCC_GetPCLK2Freq)
    i.HAL_RCC_GetSysClockFreq                0x08001d48   Section        0  stm32f4xx_hal_rcc.o(i.HAL_RCC_GetSysClockFreq)
    i.HAL_RCC_OscConfig                      0x08001db8   Section        0  stm32f4xx_hal_rcc.o(i.HAL_RCC_OscConfig)
    i.HAL_SYSTICK_Config                     0x0800223c   Section        0  stm32f4xx_hal_cortex.o(i.HAL_SYSTICK_Config)
    i.HAL_UARTEx_RxEventCallback             0x08002264   Section        0  usart_app.o(i.HAL_UARTEx_RxEventCallback)
    i.HAL_UART_ErrorCallback                 0x08002290   Section        0  stm32f4xx_hal_uart.o(i.HAL_UART_ErrorCallback)
    i.HAL_UART_IDLE_IRQHandler               0x08002294   Section        0  remote_control.o(i.HAL_UART_IDLE_IRQHandler)
    i.HAL_UART_IRQHandler                    0x080023fc   Section        0  stm32f4xx_hal_uart.o(i.HAL_UART_IRQHandler)
    i.HAL_UART_Init                          0x08002664   Section        0  stm32f4xx_hal_uart.o(i.HAL_UART_Init)
    i.HAL_UART_MspInit                       0x080026cc   Section        0  usart.o(i.HAL_UART_MspInit)
    i.HAL_UART_Receive_IT_IDLE               0x08002874   Section        0  remote_control.o(i.HAL_UART_Receive_IT_IDLE)
    i.HAL_UART_RxCpltCallback                0x08002894   Section        0  stm32f4xx_hal_uart.o(i.HAL_UART_RxCpltCallback)
    i.HAL_UART_Transmit                      0x08002896   Section        0  stm32f4xx_hal_uart.o(i.HAL_UART_Transmit)
    i.HAL_UART_TxCpltCallback                0x0800294e   Section        0  stm32f4xx_hal_uart.o(i.HAL_UART_TxCpltCallback)
    i.HardFault_Handler                      0x08002950   Section        0  stm32f4xx_it.o(i.HardFault_Handler)
    i.LimitAcceleration                      0x08002954   Section        0  pid.o(i.LimitAcceleration)
    i.MX_CAN1_Init                           0x08002a80   Section        0  can.o(i.MX_CAN1_Init)
    i.MX_CAN2_Init                           0x08002ac4   Section        0  can.o(i.MX_CAN2_Init)
    i.MX_DMA_Init                            0x08002b08   Section        0  dma.o(i.MX_DMA_Init)
    i.MX_GPIO_Init                           0x08002b70   Section        0  gpio.o(i.MX_GPIO_Init)
    i.MX_USART1_UART_Init                    0x08002d78   Section        0  usart.o(i.MX_USART1_UART_Init)
    i.MX_USART2_UART_Init                    0x08002db4   Section        0  usart.o(i.MX_USART2_UART_Init)
    i.MemManage_Handler                      0x08002dec   Section        0  stm32f4xx_it.o(i.MemManage_Handler)
    i.Motor_PID_Init                         0x08002df0   Section        0  pid.o(i.Motor_PID_Init)
    i.Motor_PID_calc                         0x08002e14   Section        0  pid.o(i.Motor_PID_calc)
    i.Motor_measure_fun                      0x08003140   Section        0  bsp_can.o(i.Motor_measure_fun)
    i.NMI_Handler                            0x080031a8   Section        0  stm32f4xx_it.o(i.NMI_Handler)
    i.PID_Total_Init                         0x080031ac   Section        0  pid.o(i.PID_Total_Init)
    i.PendSV_Handler                         0x080031e8   Section        0  stm32f4xx_it.o(i.PendSV_Handler)
    i.SVC_Handler                            0x080031ea   Section        0  stm32f4xx_it.o(i.SVC_Handler)
    i.Set_motor_cmd                          0x080031ec   Section        0  bsp_can.o(i.Set_motor_cmd)
    i.SysTick_Handler                        0x08003244   Section        0  stm32f4xx_it.o(i.SysTick_Handler)
    i.SystemClock_Config                     0x0800324c   Section        0  main.o(i.SystemClock_Config)
    i.SystemInit                             0x08003300   Section        0  system_stm32f4xx.o(i.SystemInit)
    i.UART_DMAAbortOnError                   0x08003314   Section        0  stm32f4xx_hal_uart.o(i.UART_DMAAbortOnError)
    UART_DMAAbortOnError                     0x08003315   Thumb Code    16  stm32f4xx_hal_uart.o(i.UART_DMAAbortOnError)
    i.UART_EndRxTransfer                     0x08003324   Section        0  stm32f4xx_hal_uart.o(i.UART_EndRxTransfer)
    UART_EndRxTransfer                       0x08003325   Thumb Code    78  stm32f4xx_hal_uart.o(i.UART_EndRxTransfer)
    i.UART_EndTransmit_IT                    0x08003372   Section        0  stm32f4xx_hal_uart.o(i.UART_EndTransmit_IT)
    UART_EndTransmit_IT                      0x08003373   Thumb Code    26  stm32f4xx_hal_uart.o(i.UART_EndTransmit_IT)
    i.UART_Receive_DMA_NoIT                  0x0800338c   Section        0  remote_control.o(i.UART_Receive_DMA_NoIT)
    i.UART_Receive_IT                        0x08003430   Section        0  stm32f4xx_hal_uart.o(i.UART_Receive_IT)
    UART_Receive_IT                          0x08003431   Thumb Code   202  stm32f4xx_hal_uart.o(i.UART_Receive_IT)
    i.UART_SetConfig                         0x080034fc   Section        0  stm32f4xx_hal_uart.o(i.UART_SetConfig)
    UART_SetConfig                           0x080034fd   Thumb Code   248  stm32f4xx_hal_uart.o(i.UART_SetConfig)
    i.UART_Transmit_IT                       0x080035f8   Section        0  stm32f4xx_hal_uart.o(i.UART_Transmit_IT)
    UART_Transmit_IT                         0x080035f9   Thumb Code    94  stm32f4xx_hal_uart.o(i.UART_Transmit_IT)
    i.UART_WaitOnFlagUntilTimeout            0x08003656   Section        0  stm32f4xx_hal_uart.o(i.UART_WaitOnFlagUntilTimeout)
    UART_WaitOnFlagUntilTimeout              0x08003657   Thumb Code   142  stm32f4xx_hal_uart.o(i.UART_WaitOnFlagUntilTimeout)
    i.USART1_IRQHandler                      0x080036e4   Section        0  remote_control.o(i.USART1_IRQHandler)
    i.USART2_IRQHandler                      0x080036f4   Section        0  stm32f4xx_it.o(i.USART2_IRQHandler)
    i.UsageFault_Handler                     0x08003704   Section        0  stm32f4xx_it.o(i.UsageFault_Handler)
    i.__0printf                              0x08003708   Section        0  printfa.o(i.__0printf)
    i.__hardfp_fabs                          0x08003728   Section        0  fabs.o(i.__hardfp_fabs)
    i.__scatterload_copy                     0x0800373c   Section       14  handlers.o(i.__scatterload_copy)
    i.__scatterload_null                     0x0800374a   Section        2  handlers.o(i.__scatterload_null)
    i.__scatterload_zeroinit                 0x0800374c   Section       14  handlers.o(i.__scatterload_zeroinit)
    i._fp_digits                             0x0800375c   Section        0  printfa.o(i._fp_digits)
    _fp_digits                               0x0800375d   Thumb Code   366  printfa.o(i._fp_digits)
    i._printf_core                           0x080038e0   Section        0  printfa.o(i._printf_core)
    _printf_core                             0x080038e1   Thumb Code  1704  printfa.o(i._printf_core)
    i._printf_post_padding                   0x08003f94   Section        0  printfa.o(i._printf_post_padding)
    _printf_post_padding                     0x08003f95   Thumb Code    36  printfa.o(i._printf_post_padding)
    i._printf_pre_padding                    0x08003fb8   Section        0  printfa.o(i._printf_pre_padding)
    _printf_pre_padding                      0x08003fb9   Thumb Code    46  printfa.o(i._printf_pre_padding)
    i.can_filter_init                        0x08003fe8   Section        0  bsp_can.o(i.can_filter_init)
    i.fputc                                  0x08004044   Section        0  usart.o(i.fputc)
    i.key_proc                               0x0800405c   Section        0  key_app.o(i.key_proc)
    i.key_read                               0x080040ec   Section        0  key_app.o(i.key_read)
    i.main                                   0x08004134   Section        0  main.o(i.main)
    i.ringbuffer_is_empty                    0x08004280   Section        0  ringbuffer.o(i.ringbuffer_is_empty)
    i.ringbuffer_is_full                     0x0800428e   Section        0  ringbuffer.o(i.ringbuffer_is_full)
    i.ringbuffer_read                        0x0800429e   Section        0  ringbuffer.o(i.ringbuffer_read)
    i.ringbuffer_write                       0x080042e2   Section        0  ringbuffer.o(i.ringbuffer_write)
    i.scheduler_init                         0x08004328   Section        0  scheduler.o(i.scheduler_init)
    i.scheduler_run                          0x08004334   Section        0  scheduler.o(i.scheduler_run)
    i.uart_proc                              0x0800438c   Section        0  usart_app.o(i.uart_proc)
    .constdata                               0x080043d0   Section       24  system_stm32f4xx.o(.constdata)
    .constdata                               0x080043e8   Section        8  stm32f4xx_hal_dma.o(.constdata)
    flagBitshiftOffset                       0x080043e8   Data           8  stm32f4xx_hal_dma.o(.constdata)
    .data                                    0x20000000   Section       13  main.o(.data)
    i                                        0x2000000c   Data           1  main.o(.data)
    .data                                    0x20000010   Section        4  can.o(.data)
    HAL_RCC_CAN1_CLK_ENABLED                 0x20000010   Data           4  can.o(.data)
    .data                                    0x20000014   Section        4  system_stm32f4xx.o(.data)
    .data                                    0x20000018   Section        9  bsp_can.o(.data)
    CANx_send_data                           0x20000018   Data           8  bsp_can.o(.data)
    i                                        0x20000020   Data           1  bsp_can.o(.data)
    .data                                    0x20000024   Section       28  scheduler.o(.data)
    tasks                                    0x20000028   Data          24  scheduler.o(.data)
    .data                                    0x20000040   Section        4  key_app.o(.data)
    .data                                    0x20000044   Section       12  stm32f4xx_hal.o(.data)
    .data                                    0x20000050   Section        4  stdout.o(.data)
    .bss                                     0x20000054   Section       80  can.o(.bss)
    .bss                                     0x200000a4   Section      336  usart.o(.bss)
    .bss                                     0x200001f4   Section      304  bsp_can.o(.bss)
    CANx_tx_message                          0x2000030c   Data          24  bsp_can.o(.bss)
    .bss                                     0x20000324   Section      576  pid.o(.bss)
    .bss                                     0x20000564   Section      122  remote_control.o(.bss)
    .bss                                     0x200005e0   Section      428  usart_app.o(.bss)
    STACK                                    0x20000790   Section     1024  startup_stm32f427xx.o(STACK)

    Global Symbols

    Symbol Name                              Value     Ov Type        Size  Object(Section)

    BuildAttributes$$THM_ISAv4$E$P$D$K$B$S$7EM$VFPi3$EXTD16$VFPS$VFMA$PE$A:L22UL41UL21$X:L11$S22US41US21$IEEE1$IW$USESV6$~STKCKD$USESV7$~SHL$OTIME$ROPI$IEEEJ$EBA8$MICROLIB$REQ8$PRES8$EABIv2 0x00000000   Number         0  anon$$obj.o ABSOLUTE
    __ARM_use_no_argv                        0x00000000   Number         0  main.o ABSOLUTE
    _printf_a                                0x00000000   Number         0  stubs.o ABSOLUTE
    _printf_c                                0x00000000   Number         0  stubs.o ABSOLUTE
    _printf_charcount                        0x00000000   Number         0  stubs.o ABSOLUTE
    _printf_d                                0x00000000   Number         0  stubs.o ABSOLUTE
    _printf_e                                0x00000000   Number         0  stubs.o ABSOLUTE
    _printf_f                                0x00000000   Number         0  stubs.o ABSOLUTE
    _printf_flags                            0x00000000   Number         0  stubs.o ABSOLUTE
    _printf_fp_dec                           0x00000000   Number         0  stubs.o ABSOLUTE
    _printf_fp_hex                           0x00000000   Number         0  stubs.o ABSOLUTE
    _printf_g                                0x00000000   Number         0  stubs.o ABSOLUTE
    _printf_i                                0x00000000   Number         0  stubs.o ABSOLUTE
    _printf_int_dec                          0x00000000   Number         0  stubs.o ABSOLUTE
    _printf_l                                0x00000000   Number         0  stubs.o ABSOLUTE
    _printf_lc                               0x00000000   Number         0  stubs.o ABSOLUTE
    _printf_ll                               0x00000000   Number         0  stubs.o ABSOLUTE
    _printf_lld                              0x00000000   Number         0  stubs.o ABSOLUTE
    _printf_lli                              0x00000000   Number         0  stubs.o ABSOLUTE
    _printf_llo                              0x00000000   Number         0  stubs.o ABSOLUTE
    _printf_llu                              0x00000000   Number         0  stubs.o ABSOLUTE
    _printf_llx                              0x00000000   Number         0  stubs.o ABSOLUTE
    _printf_longlong_dec                     0x00000000   Number         0  stubs.o ABSOLUTE
    _printf_longlong_hex                     0x00000000   Number         0  stubs.o ABSOLUTE
    _printf_longlong_oct                     0x00000000   Number         0  stubs.o ABSOLUTE
    _printf_ls                               0x00000000   Number         0  stubs.o ABSOLUTE
    _printf_mbtowc                           0x00000000   Number         0  stubs.o ABSOLUTE
    _printf_n                                0x00000000   Number         0  stubs.o ABSOLUTE
    _printf_o                                0x00000000   Number         0  stubs.o ABSOLUTE
    _printf_p                                0x00000000   Number         0  stubs.o ABSOLUTE
    _printf_percent                          0x00000000   Number         0  stubs.o ABSOLUTE
    _printf_pre_padding                      0x00000000   Number         0  stubs.o ABSOLUTE
    _printf_return_value                     0x00000000   Number         0  stubs.o ABSOLUTE
    _printf_s                                0x00000000   Number         0  stubs.o ABSOLUTE
    _printf_sizespec                         0x00000000   Number         0  stubs.o ABSOLUTE
    _printf_str                              0x00000000   Number         0  stubs.o ABSOLUTE
    _printf_truncate_signed                  0x00000000   Number         0  stubs.o ABSOLUTE
    _printf_truncate_unsigned                0x00000000   Number         0  stubs.o ABSOLUTE
    _printf_u                                0x00000000   Number         0  stubs.o ABSOLUTE
    _printf_wc                               0x00000000   Number         0  stubs.o ABSOLUTE
    _printf_wctomb                           0x00000000   Number         0  stubs.o ABSOLUTE
    _printf_widthprec                        0x00000000   Number         0  stubs.o ABSOLUTE
    _printf_x                                0x00000000   Number         0  stubs.o ABSOLUTE
    __arm_fini_                               - Undefined Weak Reference
    __cpp_initialize__aeabi_                  - Undefined Weak Reference
    __cxa_finalize                            - Undefined Weak Reference
    __decompress                              - Undefined Weak Reference
    _clock_init                               - Undefined Weak Reference
    _microlib_exit                            - Undefined Weak Reference
    __Vectors_Size                           0x000001ac   Number         0  startup_stm32f427xx.o ABSOLUTE
    __Vectors                                0x08000000   Data           4  startup_stm32f427xx.o(RESET)
    __Vectors_End                            0x080001ac   Data           0  startup_stm32f427xx.o(RESET)
    __main                                   0x080001ad   Thumb Code     0  entry.o(.ARM.Collect$$$$00000000)
    _main_stk                                0x080001ad   Thumb Code     0  entry2.o(.ARM.Collect$$$$00000001)
    _main_scatterload                        0x080001b1   Thumb Code     0  entry5.o(.ARM.Collect$$$$00000004)
    __main_after_scatterload                 0x080001b5   Thumb Code     0  entry5.o(.ARM.Collect$$$$00000004)
    _main_clock                              0x080001b5   Thumb Code     0  entry7b.o(.ARM.Collect$$$$00000008)
    _main_cpp_init                           0x080001b5   Thumb Code     0  entry8b.o(.ARM.Collect$$$$0000000A)
    _main_init                               0x080001b5   Thumb Code     0  entry9a.o(.ARM.Collect$$$$0000000B)
    __rt_lib_shutdown_fini                   0x080001bd   Thumb Code     0  entry12b.o(.ARM.Collect$$$$0000000E)
    __rt_final_cpp                           0x080001c1   Thumb Code     0  entry10a.o(.ARM.Collect$$$$0000000F)
    __rt_final_exit                          0x080001c1   Thumb Code     0  entry11a.o(.ARM.Collect$$$$00000011)
    Reset_Handler                            0x080001c5   Thumb Code     8  startup_stm32f427xx.o(.text)
    ADC_IRQHandler                           0x080001df   Thumb Code     0  startup_stm32f427xx.o(.text)
    CAN1_RX1_IRQHandler                      0x080001df   Thumb Code     0  startup_stm32f427xx.o(.text)
    CAN1_SCE_IRQHandler                      0x080001df   Thumb Code     0  startup_stm32f427xx.o(.text)
    CAN2_RX1_IRQHandler                      0x080001df   Thumb Code     0  startup_stm32f427xx.o(.text)
    CAN2_SCE_IRQHandler                      0x080001df   Thumb Code     0  startup_stm32f427xx.o(.text)
    DCMI_IRQHandler                          0x080001df   Thumb Code     0  startup_stm32f427xx.o(.text)
    DMA1_Stream0_IRQHandler                  0x080001df   Thumb Code     0  startup_stm32f427xx.o(.text)
    DMA1_Stream1_IRQHandler                  0x080001df   Thumb Code     0  startup_stm32f427xx.o(.text)
    DMA1_Stream2_IRQHandler                  0x080001df   Thumb Code     0  startup_stm32f427xx.o(.text)
    DMA1_Stream3_IRQHandler                  0x080001df   Thumb Code     0  startup_stm32f427xx.o(.text)
    DMA1_Stream4_IRQHandler                  0x080001df   Thumb Code     0  startup_stm32f427xx.o(.text)
    DMA1_Stream5_IRQHandler                  0x080001df   Thumb Code     0  startup_stm32f427xx.o(.text)
    DMA1_Stream7_IRQHandler                  0x080001df   Thumb Code     0  startup_stm32f427xx.o(.text)
    DMA2D_IRQHandler                         0x080001df   Thumb Code     0  startup_stm32f427xx.o(.text)
    DMA2_Stream0_IRQHandler                  0x080001df   Thumb Code     0  startup_stm32f427xx.o(.text)
    DMA2_Stream1_IRQHandler                  0x080001df   Thumb Code     0  startup_stm32f427xx.o(.text)
    DMA2_Stream3_IRQHandler                  0x080001df   Thumb Code     0  startup_stm32f427xx.o(.text)
    DMA2_Stream4_IRQHandler                  0x080001df   Thumb Code     0  startup_stm32f427xx.o(.text)
    DMA2_Stream5_IRQHandler                  0x080001df   Thumb Code     0  startup_stm32f427xx.o(.text)
    DMA2_Stream6_IRQHandler                  0x080001df   Thumb Code     0  startup_stm32f427xx.o(.text)
    DMA2_Stream7_IRQHandler                  0x080001df   Thumb Code     0  startup_stm32f427xx.o(.text)
    ETH_IRQHandler                           0x080001df   Thumb Code     0  startup_stm32f427xx.o(.text)
    ETH_WKUP_IRQHandler                      0x080001df   Thumb Code     0  startup_stm32f427xx.o(.text)
    EXTI0_IRQHandler                         0x080001df   Thumb Code     0  startup_stm32f427xx.o(.text)
    EXTI15_10_IRQHandler                     0x080001df   Thumb Code     0  startup_stm32f427xx.o(.text)
    EXTI1_IRQHandler                         0x080001df   Thumb Code     0  startup_stm32f427xx.o(.text)
    EXTI2_IRQHandler                         0x080001df   Thumb Code     0  startup_stm32f427xx.o(.text)
    EXTI3_IRQHandler                         0x080001df   Thumb Code     0  startup_stm32f427xx.o(.text)
    EXTI4_IRQHandler                         0x080001df   Thumb Code     0  startup_stm32f427xx.o(.text)
    EXTI9_5_IRQHandler                       0x080001df   Thumb Code     0  startup_stm32f427xx.o(.text)
    FLASH_IRQHandler                         0x080001df   Thumb Code     0  startup_stm32f427xx.o(.text)
    FMC_IRQHandler                           0x080001df   Thumb Code     0  startup_stm32f427xx.o(.text)
    FPU_IRQHandler                           0x080001df   Thumb Code     0  startup_stm32f427xx.o(.text)
    HASH_RNG_IRQHandler                      0x080001df   Thumb Code     0  startup_stm32f427xx.o(.text)
    I2C1_ER_IRQHandler                       0x080001df   Thumb Code     0  startup_stm32f427xx.o(.text)
    I2C1_EV_IRQHandler                       0x080001df   Thumb Code     0  startup_stm32f427xx.o(.text)
    I2C2_ER_IRQHandler                       0x080001df   Thumb Code     0  startup_stm32f427xx.o(.text)
    I2C2_EV_IRQHandler                       0x080001df   Thumb Code     0  startup_stm32f427xx.o(.text)
    I2C3_ER_IRQHandler                       0x080001df   Thumb Code     0  startup_stm32f427xx.o(.text)
    I2C3_EV_IRQHandler                       0x080001df   Thumb Code     0  startup_stm32f427xx.o(.text)
    OTG_FS_IRQHandler                        0x080001df   Thumb Code     0  startup_stm32f427xx.o(.text)
    OTG_FS_WKUP_IRQHandler                   0x080001df   Thumb Code     0  startup_stm32f427xx.o(.text)
    OTG_HS_EP1_IN_IRQHandler                 0x080001df   Thumb Code     0  startup_stm32f427xx.o(.text)
    OTG_HS_EP1_OUT_IRQHandler                0x080001df   Thumb Code     0  startup_stm32f427xx.o(.text)
    OTG_HS_IRQHandler                        0x080001df   Thumb Code     0  startup_stm32f427xx.o(.text)
    OTG_HS_WKUP_IRQHandler                   0x080001df   Thumb Code     0  startup_stm32f427xx.o(.text)
    PVD_IRQHandler                           0x080001df   Thumb Code     0  startup_stm32f427xx.o(.text)
    RCC_IRQHandler                           0x080001df   Thumb Code     0  startup_stm32f427xx.o(.text)
    RTC_Alarm_IRQHandler                     0x080001df   Thumb Code     0  startup_stm32f427xx.o(.text)
    RTC_WKUP_IRQHandler                      0x080001df   Thumb Code     0  startup_stm32f427xx.o(.text)
    SAI1_IRQHandler                          0x080001df   Thumb Code     0  startup_stm32f427xx.o(.text)
    SDIO_IRQHandler                          0x080001df   Thumb Code     0  startup_stm32f427xx.o(.text)
    SPI1_IRQHandler                          0x080001df   Thumb Code     0  startup_stm32f427xx.o(.text)
    SPI2_IRQHandler                          0x080001df   Thumb Code     0  startup_stm32f427xx.o(.text)
    SPI3_IRQHandler                          0x080001df   Thumb Code     0  startup_stm32f427xx.o(.text)
    SPI4_IRQHandler                          0x080001df   Thumb Code     0  startup_stm32f427xx.o(.text)
    SPI5_IRQHandler                          0x080001df   Thumb Code     0  startup_stm32f427xx.o(.text)
    SPI6_IRQHandler                          0x080001df   Thumb Code     0  startup_stm32f427xx.o(.text)
    TAMP_STAMP_IRQHandler                    0x080001df   Thumb Code     0  startup_stm32f427xx.o(.text)
    TIM1_BRK_TIM9_IRQHandler                 0x080001df   Thumb Code     0  startup_stm32f427xx.o(.text)
    TIM1_CC_IRQHandler                       0x080001df   Thumb Code     0  startup_stm32f427xx.o(.text)
    TIM1_TRG_COM_TIM11_IRQHandler            0x080001df   Thumb Code     0  startup_stm32f427xx.o(.text)
    TIM1_UP_TIM10_IRQHandler                 0x080001df   Thumb Code     0  startup_stm32f427xx.o(.text)
    TIM2_IRQHandler                          0x080001df   Thumb Code     0  startup_stm32f427xx.o(.text)
    TIM3_IRQHandler                          0x080001df   Thumb Code     0  startup_stm32f427xx.o(.text)
    TIM4_IRQHandler                          0x080001df   Thumb Code     0  startup_stm32f427xx.o(.text)
    TIM5_IRQHandler                          0x080001df   Thumb Code     0  startup_stm32f427xx.o(.text)
    TIM6_DAC_IRQHandler                      0x080001df   Thumb Code     0  startup_stm32f427xx.o(.text)
    TIM7_IRQHandler                          0x080001df   Thumb Code     0  startup_stm32f427xx.o(.text)
    TIM8_BRK_TIM12_IRQHandler                0x080001df   Thumb Code     0  startup_stm32f427xx.o(.text)
    TIM8_CC_IRQHandler                       0x080001df   Thumb Code     0  startup_stm32f427xx.o(.text)
    TIM8_TRG_COM_TIM14_IRQHandler            0x080001df   Thumb Code     0  startup_stm32f427xx.o(.text)
    TIM8_UP_TIM13_IRQHandler                 0x080001df   Thumb Code     0  startup_stm32f427xx.o(.text)
    UART4_IRQHandler                         0x080001df   Thumb Code     0  startup_stm32f427xx.o(.text)
    UART5_IRQHandler                         0x080001df   Thumb Code     0  startup_stm32f427xx.o(.text)
    UART7_IRQHandler                         0x080001df   Thumb Code     0  startup_stm32f427xx.o(.text)
    UART8_IRQHandler                         0x080001df   Thumb Code     0  startup_stm32f427xx.o(.text)
    USART3_IRQHandler                        0x080001df   Thumb Code     0  startup_stm32f427xx.o(.text)
    USART6_IRQHandler                        0x080001df   Thumb Code     0  startup_stm32f427xx.o(.text)
    WWDG_IRQHandler                          0x080001df   Thumb Code     0  startup_stm32f427xx.o(.text)
    __aeabi_uldivmod                         0x080001e9   Thumb Code    98  uldiv.o(.text)
    __aeabi_memset                           0x0800024b   Thumb Code    14  memseta.o(.text)
    __aeabi_memset4                          0x0800024b   Thumb Code     0  memseta.o(.text)
    __aeabi_memset8                          0x0800024b   Thumb Code     0  memseta.o(.text)
    __aeabi_memclr                           0x08000259   Thumb Code     4  memseta.o(.text)
    __aeabi_memclr4                          0x08000259   Thumb Code     0  memseta.o(.text)
    __aeabi_memclr8                          0x08000259   Thumb Code     0  memseta.o(.text)
    _memset$wrapper                          0x0800025d   Thumb Code    18  memseta.o(.text)
    __aeabi_f2d                              0x0800026f   Thumb Code    38  f2d.o(.text)
    __aeabi_cdcmpeq                          0x08000295   Thumb Code     0  cdcmple.o(.text)
    __aeabi_cdcmple                          0x08000295   Thumb Code    48  cdcmple.o(.text)
    __aeabi_cdrcmple                         0x080002c5   Thumb Code    48  cdrcmple.o(.text)
    __aeabi_uidiv                            0x080002f5   Thumb Code     0  uidiv.o(.text)
    __aeabi_uidivmod                         0x080002f5   Thumb Code    44  uidiv.o(.text)
    __aeabi_llsl                             0x08000321   Thumb Code    30  llshl.o(.text)
    _ll_shift_l                              0x08000321   Thumb Code     0  llshl.o(.text)
    __aeabi_llsr                             0x0800033f   Thumb Code    32  llushr.o(.text)
    _ll_ushift_r                             0x0800033f   Thumb Code     0  llushr.o(.text)
    __I$use$fp                               0x0800035f   Thumb Code     0  iusefp.o(.text)
    __aeabi_dadd                             0x0800035f   Thumb Code   322  dadd.o(.text)
    __aeabi_dsub                             0x080004a1   Thumb Code     6  dadd.o(.text)
    __aeabi_drsub                            0x080004a7   Thumb Code     6  dadd.o(.text)
    __aeabi_dmul                             0x080004ad   Thumb Code   228  dmul.o(.text)
    __aeabi_ddiv                             0x08000591   Thumb Code   222  ddiv.o(.text)
    __aeabi_d2ulz                            0x0800066f   Thumb Code    48  dfixul.o(.text)
    __scatterload                            0x080006a1   Thumb Code    28  init.o(.text)
    __scatterload_rt2                        0x080006a1   Thumb Code     0  init.o(.text)
    __aeabi_lasr                             0x080006c5   Thumb Code    36  llsshr.o(.text)
    _ll_sshift_r                             0x080006c5   Thumb Code     0  llsshr.o(.text)
    _double_round                            0x080006e9   Thumb Code    30  depilogue.o(.text)
    _double_epilogue                         0x08000707   Thumb Code   156  depilogue.o(.text)
    BusFault_Handler                         0x080007a3   Thumb Code     4  stm32f4xx_it.o(i.BusFault_Handler)
    CAN1_RX0_IRQHandler                      0x080007a9   Thumb Code    10  stm32f4xx_it.o(i.CAN1_RX0_IRQHandler)
    CAN1_TX_IRQHandler                       0x080007b9   Thumb Code    10  stm32f4xx_it.o(i.CAN1_TX_IRQHandler)
    CAN2_RX0_IRQHandler                      0x080007c9   Thumb Code    10  stm32f4xx_it.o(i.CAN2_RX0_IRQHandler)
    CAN2_TX_IRQHandler                       0x080007d9   Thumb Code    10  stm32f4xx_it.o(i.CAN2_TX_IRQHandler)
    Callback_RC_Handle                       0x080007e9   Thumb Code   204  remote_control.o(i.Callback_RC_Handle)
    DMA1_Stream6_IRQHandler                  0x080008b5   Thumb Code    10  stm32f4xx_it.o(i.DMA1_Stream6_IRQHandler)
    DMA2_Stream2_IRQHandler                  0x080008c5   Thumb Code    10  stm32f4xx_it.o(i.DMA2_Stream2_IRQHandler)
    DebugMon_Handler                         0x080009bf   Thumb Code     2  stm32f4xx_it.o(i.DebugMon_Handler)
    Error_Handler                            0x080009c1   Thumb Code     6  main.o(i.Error_Handler)
    HAL_CAN_ActivateNotification             0x080009c7   Thumb Code    36  stm32f4xx_hal_can.o(i.HAL_CAN_ActivateNotification)
    HAL_CAN_AddTxMessage                     0x080009eb   Thumb Code   240  stm32f4xx_hal_can.o(i.HAL_CAN_AddTxMessage)
    HAL_CAN_ConfigFilter                     0x08000add   Thumb Code   290  stm32f4xx_hal_can.o(i.HAL_CAN_ConfigFilter)
    HAL_CAN_ErrorCallback                    0x08000c05   Thumb Code     2  stm32f4xx_hal_can.o(i.HAL_CAN_ErrorCallback)
    HAL_CAN_GetRxMessage                     0x08000c07   Thumb Code   372  stm32f4xx_hal_can.o(i.HAL_CAN_GetRxMessage)
    HAL_CAN_IRQHandler                       0x08000d7b   Thumb Code   564  stm32f4xx_hal_can.o(i.HAL_CAN_IRQHandler)
    HAL_CAN_Init                             0x08000faf   Thumb Code   360  stm32f4xx_hal_can.o(i.HAL_CAN_Init)
    HAL_CAN_MspInit                          0x08001119   Thumb Code   362  can.o(i.HAL_CAN_MspInit)
    HAL_CAN_RxFifo0FullCallback              0x0800129d   Thumb Code     2  stm32f4xx_hal_can.o(i.HAL_CAN_RxFifo0FullCallback)
    HAL_CAN_RxFifo0MsgPendingCallback        0x080012a1   Thumb Code    88  bsp_can.o(i.HAL_CAN_RxFifo0MsgPendingCallback)
    HAL_CAN_RxFifo1FullCallback              0x08001309   Thumb Code     2  stm32f4xx_hal_can.o(i.HAL_CAN_RxFifo1FullCallback)
    HAL_CAN_RxFifo1MsgPendingCallback        0x0800130b   Thumb Code     2  stm32f4xx_hal_can.o(i.HAL_CAN_RxFifo1MsgPendingCallback)
    HAL_CAN_SleepCallback                    0x0800130d   Thumb Code     2  stm32f4xx_hal_can.o(i.HAL_CAN_SleepCallback)
    HAL_CAN_Start                            0x0800130f   Thumb Code   100  stm32f4xx_hal_can.o(i.HAL_CAN_Start)
    HAL_CAN_TxMailbox0AbortCallback          0x08001373   Thumb Code     2  stm32f4xx_hal_can.o(i.HAL_CAN_TxMailbox0AbortCallback)
    HAL_CAN_TxMailbox0CompleteCallback       0x08001375   Thumb Code     2  stm32f4xx_hal_can.o(i.HAL_CAN_TxMailbox0CompleteCallback)
    HAL_CAN_TxMailbox1AbortCallback          0x08001377   Thumb Code     2  stm32f4xx_hal_can.o(i.HAL_CAN_TxMailbox1AbortCallback)
    HAL_CAN_TxMailbox1CompleteCallback       0x08001379   Thumb Code     2  stm32f4xx_hal_can.o(i.HAL_CAN_TxMailbox1CompleteCallback)
    HAL_CAN_TxMailbox2AbortCallback          0x0800137b   Thumb Code     2  stm32f4xx_hal_can.o(i.HAL_CAN_TxMailbox2AbortCallback)
    HAL_CAN_TxMailbox2CompleteCallback       0x0800137d   Thumb Code     2  stm32f4xx_hal_can.o(i.HAL_CAN_TxMailbox2CompleteCallback)
    HAL_CAN_WakeUpFromRxMsgCallback          0x0800137f   Thumb Code     2  stm32f4xx_hal_can.o(i.HAL_CAN_WakeUpFromRxMsgCallback)
    HAL_DMA_Abort                            0x08001381   Thumb Code   162  stm32f4xx_hal_dma.o(i.HAL_DMA_Abort)
    HAL_DMA_Abort_IT                         0x08001423   Thumb Code    36  stm32f4xx_hal_dma.o(i.HAL_DMA_Abort_IT)
    HAL_DMA_IRQHandler                       0x08001449   Thumb Code   488  stm32f4xx_hal_dma.o(i.HAL_DMA_IRQHandler)
    HAL_DMA_Init                             0x08001635   Thumb Code   230  stm32f4xx_hal_dma.o(i.HAL_DMA_Init)
    HAL_DMA_Start                            0x08001721   Thumb Code    74  stm32f4xx_hal_dma.o(i.HAL_DMA_Start)
    HAL_Delay                                0x0800176d   Thumb Code    34  stm32f4xx_hal.o(i.HAL_Delay)
    HAL_GPIO_Init                            0x08001795   Thumb Code   564  stm32f4xx_hal_gpio.o(i.HAL_GPIO_Init)
    HAL_GPIO_ReadPin                         0x080019e1   Thumb Code    14  stm32f4xx_hal_gpio.o(i.HAL_GPIO_ReadPin)
    HAL_GPIO_WritePin                        0x080019ef   Thumb Code    14  stm32f4xx_hal_gpio.o(i.HAL_GPIO_WritePin)
    HAL_GetTick                              0x080019fd   Thumb Code     6  stm32f4xx_hal.o(i.HAL_GetTick)
    HAL_IncTick                              0x08001a09   Thumb Code    12  stm32f4xx_hal.o(i.HAL_IncTick)
    HAL_Init                                 0x08001a19   Thumb Code    48  stm32f4xx_hal.o(i.HAL_Init)
    HAL_InitTick                             0x08001a4d   Thumb Code    58  stm32f4xx_hal.o(i.HAL_InitTick)
    HAL_MspInit                              0x08001a91   Thumb Code    68  stm32f4xx_hal_msp.o(i.HAL_MspInit)
    HAL_NVIC_EnableIRQ                       0x08001ad9   Thumb Code    28  stm32f4xx_hal_cortex.o(i.HAL_NVIC_EnableIRQ)
    HAL_NVIC_SetPriority                     0x08001af5   Thumb Code    98  stm32f4xx_hal_cortex.o(i.HAL_NVIC_SetPriority)
    HAL_NVIC_SetPriorityGrouping             0x08001b5d   Thumb Code    30  stm32f4xx_hal_cortex.o(i.HAL_NVIC_SetPriorityGrouping)
    HAL_RCC_ClockConfig                      0x08001b81   Thumb Code   354  stm32f4xx_hal_rcc.o(i.HAL_RCC_ClockConfig)
    HAL_RCC_GetHCLKFreq                      0x08001cfd   Thumb Code     6  stm32f4xx_hal_rcc.o(i.HAL_RCC_GetHCLKFreq)
    HAL_RCC_GetPCLK1Freq                     0x08001d09   Thumb Code    22  stm32f4xx_hal_rcc.o(i.HAL_RCC_GetPCLK1Freq)
    HAL_RCC_GetPCLK2Freq                     0x08001d29   Thumb Code    22  stm32f4xx_hal_rcc.o(i.HAL_RCC_GetPCLK2Freq)
    HAL_RCC_GetSysClockFreq                  0x08001d49   Thumb Code    94  stm32f4xx_hal_rcc.o(i.HAL_RCC_GetSysClockFreq)
    HAL_RCC_OscConfig                        0x08001db9   Thumb Code  1154  stm32f4xx_hal_rcc.o(i.HAL_RCC_OscConfig)
    HAL_SYSTICK_Config                       0x0800223d   Thumb Code    36  stm32f4xx_hal_cortex.o(i.HAL_SYSTICK_Config)
    HAL_UARTEx_RxEventCallback               0x08002265   Thumb Code    34  usart_app.o(i.HAL_UARTEx_RxEventCallback)
    HAL_UART_ErrorCallback                   0x08002291   Thumb Code     2  stm32f4xx_hal_uart.o(i.HAL_UART_ErrorCallback)
    HAL_UART_IDLE_IRQHandler                 0x08002295   Thumb Code   346  remote_control.o(i.HAL_UART_IDLE_IRQHandler)
    HAL_UART_IRQHandler                      0x080023fd   Thumb Code   612  stm32f4xx_hal_uart.o(i.HAL_UART_IRQHandler)
    HAL_UART_Init                            0x08002665   Thumb Code   102  stm32f4xx_hal_uart.o(i.HAL_UART_Init)
    HAL_UART_MspInit                         0x080026cd   Thumb Code   388  usart.o(i.HAL_UART_MspInit)
    HAL_UART_Receive_IT_IDLE                 0x08002875   Thumb Code    32  remote_control.o(i.HAL_UART_Receive_IT_IDLE)
    HAL_UART_RxCpltCallback                  0x08002895   Thumb Code     2  stm32f4xx_hal_uart.o(i.HAL_UART_RxCpltCallback)
    HAL_UART_Transmit                        0x08002897   Thumb Code   184  stm32f4xx_hal_uart.o(i.HAL_UART_Transmit)
    HAL_UART_TxCpltCallback                  0x0800294f   Thumb Code     2  stm32f4xx_hal_uart.o(i.HAL_UART_TxCpltCallback)
    HardFault_Handler                        0x08002951   Thumb Code     4  stm32f4xx_it.o(i.HardFault_Handler)
    LimitAcceleration                        0x08002955   Thumb Code   300  pid.o(i.LimitAcceleration)
    MX_CAN1_Init                             0x08002a81   Thumb Code    58  can.o(i.MX_CAN1_Init)
    MX_CAN2_Init                             0x08002ac5   Thumb Code    58  can.o(i.MX_CAN2_Init)
    MX_DMA_Init                              0x08002b09   Thumb Code    98  dma.o(i.MX_DMA_Init)
    MX_GPIO_Init                             0x08002b71   Thumb Code   486  gpio.o(i.MX_GPIO_Init)
    MX_USART1_UART_Init                      0x08002d79   Thumb Code    48  usart.o(i.MX_USART1_UART_Init)
    MX_USART2_UART_Init                      0x08002db5   Thumb Code    46  usart.o(i.MX_USART2_UART_Init)
    MemManage_Handler                        0x08002ded   Thumb Code     4  stm32f4xx_it.o(i.MemManage_Handler)
    Motor_PID_Init                           0x08002df1   Thumb Code    34  pid.o(i.Motor_PID_Init)
    Motor_PID_calc                           0x08002e15   Thumb Code   794  pid.o(i.Motor_PID_calc)
    Motor_measure_fun                        0x08003141   Thumb Code   104  bsp_can.o(i.Motor_measure_fun)
    NMI_Handler                              0x080031a9   Thumb Code     4  stm32f4xx_it.o(i.NMI_Handler)
    PID_Total_Init                           0x080031ad   Thumb Code    36  pid.o(i.PID_Total_Init)
    PendSV_Handler                           0x080031e9   Thumb Code     2  stm32f4xx_it.o(i.PendSV_Handler)
    SVC_Handler                              0x080031eb   Thumb Code     2  stm32f4xx_it.o(i.SVC_Handler)
    Set_motor_cmd                            0x080031ed   Thumb Code    78  bsp_can.o(i.Set_motor_cmd)
    SysTick_Handler                          0x08003245   Thumb Code     8  stm32f4xx_it.o(i.SysTick_Handler)
    SystemClock_Config                       0x0800324d   Thumb Code   170  main.o(i.SystemClock_Config)
    SystemInit                               0x08003301   Thumb Code    14  system_stm32f4xx.o(i.SystemInit)
    UART_Receive_DMA_NoIT                    0x0800338d   Thumb Code   164  remote_control.o(i.UART_Receive_DMA_NoIT)
    USART1_IRQHandler                        0x080036e5   Thumb Code    10  remote_control.o(i.USART1_IRQHandler)
    USART2_IRQHandler                        0x080036f5   Thumb Code    10  stm32f4xx_it.o(i.USART2_IRQHandler)
    UsageFault_Handler                       0x08003705   Thumb Code     4  stm32f4xx_it.o(i.UsageFault_Handler)
    __0printf                                0x08003709   Thumb Code    22  printfa.o(i.__0printf)
    __1printf                                0x08003709   Thumb Code     0  printfa.o(i.__0printf)
    __2printf                                0x08003709   Thumb Code     0  printfa.o(i.__0printf)
    __c89printf                              0x08003709   Thumb Code     0  printfa.o(i.__0printf)
    printf                                   0x08003709   Thumb Code     0  printfa.o(i.__0printf)
    __hardfp_fabs                            0x08003729   Thumb Code    20  fabs.o(i.__hardfp_fabs)
    __scatterload_copy                       0x0800373d   Thumb Code    14  handlers.o(i.__scatterload_copy)
    __scatterload_null                       0x0800374b   Thumb Code     2  handlers.o(i.__scatterload_null)
    __scatterload_zeroinit                   0x0800374d   Thumb Code    14  handlers.o(i.__scatterload_zeroinit)
    can_filter_init                          0x08003fe9   Thumb Code    84  bsp_can.o(i.can_filter_init)
    fputc                                    0x08004045   Thumb Code    20  usart.o(i.fputc)
    key_proc                                 0x0800405d   Thumb Code   110  key_app.o(i.key_proc)
    key_read                                 0x080040ed   Thumb Code    64  key_app.o(i.key_read)
    main                                     0x08004135   Thumb Code   268  main.o(i.main)
    ringbuffer_is_empty                      0x08004281   Thumb Code    14  ringbuffer.o(i.ringbuffer_is_empty)
    ringbuffer_is_full                       0x0800428f   Thumb Code    16  ringbuffer.o(i.ringbuffer_is_full)
    ringbuffer_read                          0x0800429f   Thumb Code    68  ringbuffer.o(i.ringbuffer_read)
    ringbuffer_write                         0x080042e3   Thumb Code    68  ringbuffer.o(i.ringbuffer_write)
    scheduler_init                           0x08004329   Thumb Code     8  scheduler.o(i.scheduler_init)
    scheduler_run                            0x08004335   Thumb Code    78  scheduler.o(i.scheduler_run)
    uart_proc                                0x0800438d   Thumb Code    42  usart_app.o(i.uart_proc)
    AHBPrescTable                            0x080043d0   Data          16  system_stm32f4xx.o(.constdata)
    APBPrescTable                            0x080043e0   Data           8  system_stm32f4xx.o(.constdata)
    Region$$Table$$Base                      0x080043f0   Number         0  anon$$obj.o(Region$$Table)
    Region$$Table$$Limit                     0x08004410   Number         0  anon$$obj.o(Region$$Table)
    delta                                    0x20000000   Data           2  main.o(.data)
    max_speed_change                         0x20000002   Data           2  main.o(.data)
    set_speed                                0x20000004   Data           4  main.o(.data)
    set_speed_temp                           0x20000008   Data           4  main.o(.data)
    SystemCoreClock                          0x20000014   Data           4  system_stm32f4xx.o(.data)
    tasks_num                                0x20000024   Data           1  scheduler.o(.data)
    key_val                                  0x20000040   Data           1  key_app.o(.data)
    key_old                                  0x20000041   Data           1  key_app.o(.data)
    key_down                                 0x20000042   Data           1  key_app.o(.data)
    key_up                                   0x20000043   Data           1  key_app.o(.data)
    uwTickFreq                               0x20000044   Data           1  stm32f4xx_hal.o(.data)
    uwTickPrio                               0x20000048   Data           4  stm32f4xx_hal.o(.data)
    uwTick                                   0x2000004c   Data           4  stm32f4xx_hal.o(.data)
    __stdout                                 0x20000050   Data           4  stdout.o(.data)
    hcan1                                    0x20000054   Data          40  can.o(.bss)
    hcan2                                    0x2000007c   Data          40  can.o(.bss)
    huart1                                   0x200000a4   Data          72  usart.o(.bss)
    huart2                                   0x200000ec   Data          72  usart.o(.bss)
    hdma_usart1_rx                           0x20000134   Data          96  usart.o(.bss)
    hdma_usart2_tx                           0x20000194   Data          96  usart.o(.bss)
    Motor_measure                            0x200001f4   Data         280  bsp_can.o(.bss)
    Motor_pid_POSITION                       0x20000324   Data         288  pid.o(.bss)
    Motor_pid_SPEED                          0x20000444   Data         288  pid.o(.bss)
    remote_control                           0x20000564   Data          22  remote_control.o(.bss)
    UART_Buffer                              0x2000057a   Data         100  remote_control.o(.bss)
    uart_rx_buffer                           0x200005e0   Data         128  usart_app.o(.bss)
    uart_rx_dma_buffer                       0x20000660   Data         128  usart_app.o(.bss)
    usart_rb                                 0x200006e0   Data          44  usart_app.o(.bss)
    usart_read_buffer                        0x2000070c   Data         128  usart_app.o(.bss)
    __initial_sp                             0x20000b90   Data           0  startup_stm32f427xx.o(STACK)



==============================================================================

Memory Map of the image

  Image Entry point : 0x080001ad

  Load Region LR_IROM1 (Base: 0x08000000, Size: 0x00004464, Max: 0x00200000, ABSOLUTE)

    Execution Region ER_IROM1 (Exec base: 0x08000000, Load base: 0x08000000, Size: 0x00004410, Max: 0x00200000, ABSOLUTE)

    Exec Addr    Load Addr    Size         Type   Attr      Idx    E Section Name        Object

    0x08000000   0x08000000   0x000001ac   Data   RO            3    RESET               startup_stm32f427xx.o
    0x080001ac   0x080001ac   0x00000000   Code   RO         2824  * .ARM.Collect$$$$00000000  mc_w.l(entry.o)
    0x080001ac   0x080001ac   0x00000004   Code   RO         3098    .ARM.Collect$$$$00000001  mc_w.l(entry2.o)
    0x080001b0   0x080001b0   0x00000004   Code   RO         3101    .ARM.Collect$$$$00000004  mc_w.l(entry5.o)
    0x080001b4   0x080001b4   0x00000000   Code   RO         3103    .ARM.Collect$$$$00000008  mc_w.l(entry7b.o)
    0x080001b4   0x080001b4   0x00000000   Code   RO         3105    .ARM.Collect$$$$0000000A  mc_w.l(entry8b.o)
    0x080001b4   0x080001b4   0x00000008   Code   RO         3106    .ARM.Collect$$$$0000000B  mc_w.l(entry9a.o)
    0x080001bc   0x080001bc   0x00000004   Code   RO         3113    .ARM.Collect$$$$0000000E  mc_w.l(entry12b.o)
    0x080001c0   0x080001c0   0x00000000   Code   RO         3108    .ARM.Collect$$$$0000000F  mc_w.l(entry10a.o)
    0x080001c0   0x080001c0   0x00000000   Code   RO         3110    .ARM.Collect$$$$00000011  mc_w.l(entry11a.o)
    0x080001c0   0x080001c0   0x00000004   Code   RO         3099    .ARM.Collect$$$$00002712  mc_w.l(entry2.o)
    0x080001c4   0x080001c4   0x00000024   Code   RO            4    .text               startup_stm32f427xx.o
    0x080001e8   0x080001e8   0x00000062   Code   RO         2827    .text               mc_w.l(uldiv.o)
    0x0800024a   0x0800024a   0x00000024   Code   RO         2829    .text               mc_w.l(memseta.o)
    0x0800026e   0x0800026e   0x00000026   Code   RO         3092    .text               mf_w.l(f2d.o)
    0x08000294   0x08000294   0x00000030   Code   RO         3094    .text               mf_w.l(cdcmple.o)
    0x080002c4   0x080002c4   0x00000030   Code   RO         3096    .text               mf_w.l(cdrcmple.o)
    0x080002f4   0x080002f4   0x0000002c   Code   RO         3115    .text               mc_w.l(uidiv.o)
    0x08000320   0x08000320   0x0000001e   Code   RO         3117    .text               mc_w.l(llshl.o)
    0x0800033e   0x0800033e   0x00000020   Code   RO         3119    .text               mc_w.l(llushr.o)
    0x0800035e   0x0800035e   0x00000000   Code   RO         3121    .text               mc_w.l(iusefp.o)
    0x0800035e   0x0800035e   0x0000014e   Code   RO         3122    .text               mf_w.l(dadd.o)
    0x080004ac   0x080004ac   0x000000e4   Code   RO         3124    .text               mf_w.l(dmul.o)
    0x08000590   0x08000590   0x000000de   Code   RO         3126    .text               mf_w.l(ddiv.o)
    0x0800066e   0x0800066e   0x00000030   Code   RO         3128    .text               mf_w.l(dfixul.o)
    0x0800069e   0x0800069e   0x00000002   PAD
    0x080006a0   0x080006a0   0x00000024   Code   RO         3130    .text               mc_w.l(init.o)
    0x080006c4   0x080006c4   0x00000024   Code   RO         3132    .text               mc_w.l(llsshr.o)
    0x080006e8   0x080006e8   0x000000ba   Code   RO         3134    .text               mf_w.l(depilogue.o)
    0x080007a2   0x080007a2   0x00000004   Code   RO          349    i.BusFault_Handler  stm32f4xx_it.o
    0x080007a6   0x080007a6   0x00000002   PAD
    0x080007a8   0x080007a8   0x00000010   Code   RO          350    i.CAN1_RX0_IRQHandler  stm32f4xx_it.o
    0x080007b8   0x080007b8   0x00000010   Code   RO          351    i.CAN1_TX_IRQHandler  stm32f4xx_it.o
    0x080007c8   0x080007c8   0x00000010   Code   RO          352    i.CAN2_RX0_IRQHandler  stm32f4xx_it.o
    0x080007d8   0x080007d8   0x00000010   Code   RO          353    i.CAN2_TX_IRQHandler  stm32f4xx_it.o
    0x080007e8   0x080007e8   0x000000cc   Code   RO          679    i.Callback_RC_Handle  remote_control.o
    0x080008b4   0x080008b4   0x00000010   Code   RO          354    i.DMA1_Stream6_IRQHandler  stm32f4xx_it.o
    0x080008c4   0x080008c4   0x00000010   Code   RO          355    i.DMA2_Stream2_IRQHandler  stm32f4xx_it.o
    0x080008d4   0x080008d4   0x00000034   Code   RO         1696    i.DMA_CalcBaseAndBitshift  stm32f4xx_hal_dma.o
    0x08000908   0x08000908   0x0000007e   Code   RO         1697    i.DMA_CheckFifoParam  stm32f4xx_hal_dma.o
    0x08000986   0x08000986   0x00000038   Code   RO         1698    i.DMA_SetConfig     stm32f4xx_hal_dma.o
    0x080009be   0x080009be   0x00000002   Code   RO          356    i.DebugMon_Handler  stm32f4xx_it.o
    0x080009c0   0x080009c0   0x00000006   Code   RO           13    i.Error_Handler     main.o
    0x080009c6   0x080009c6   0x00000024   Code   RO          902    i.HAL_CAN_ActivateNotification  stm32f4xx_hal_can.o
    0x080009ea   0x080009ea   0x000000f0   Code   RO          903    i.HAL_CAN_AddTxMessage  stm32f4xx_hal_can.o
    0x08000ada   0x08000ada   0x00000002   PAD
    0x08000adc   0x08000adc   0x00000128   Code   RO          904    i.HAL_CAN_ConfigFilter  stm32f4xx_hal_can.o
    0x08000c04   0x08000c04   0x00000002   Code   RO          907    i.HAL_CAN_ErrorCallback  stm32f4xx_hal_can.o
    0x08000c06   0x08000c06   0x00000174   Code   RO          910    i.HAL_CAN_GetRxMessage  stm32f4xx_hal_can.o
    0x08000d7a   0x08000d7a   0x00000234   Code   RO          914    i.HAL_CAN_IRQHandler  stm32f4xx_hal_can.o
    0x08000fae   0x08000fae   0x00000168   Code   RO          915    i.HAL_CAN_Init      stm32f4xx_hal_can.o
    0x08001116   0x08001116   0x00000002   PAD
    0x08001118   0x08001118   0x00000184   Code   RO          223    i.HAL_CAN_MspInit   can.o
    0x0800129c   0x0800129c   0x00000002   Code   RO          922    i.HAL_CAN_RxFifo0FullCallback  stm32f4xx_hal_can.o
    0x0800129e   0x0800129e   0x00000002   PAD
    0x080012a0   0x080012a0   0x00000068   Code   RO          532    i.HAL_CAN_RxFifo0MsgPendingCallback  bsp_can.o
    0x08001308   0x08001308   0x00000002   Code   RO          924    i.HAL_CAN_RxFifo1FullCallback  stm32f4xx_hal_can.o
    0x0800130a   0x0800130a   0x00000002   Code   RO          925    i.HAL_CAN_RxFifo1MsgPendingCallback  stm32f4xx_hal_can.o
    0x0800130c   0x0800130c   0x00000002   Code   RO          926    i.HAL_CAN_SleepCallback  stm32f4xx_hal_can.o
    0x0800130e   0x0800130e   0x00000064   Code   RO          927    i.HAL_CAN_Start     stm32f4xx_hal_can.o
    0x08001372   0x08001372   0x00000002   Code   RO          929    i.HAL_CAN_TxMailbox0AbortCallback  stm32f4xx_hal_can.o
    0x08001374   0x08001374   0x00000002   Code   RO          930    i.HAL_CAN_TxMailbox0CompleteCallback  stm32f4xx_hal_can.o
    0x08001376   0x08001376   0x00000002   Code   RO          931    i.HAL_CAN_TxMailbox1AbortCallback  stm32f4xx_hal_can.o
    0x08001378   0x08001378   0x00000002   Code   RO          932    i.HAL_CAN_TxMailbox1CompleteCallback  stm32f4xx_hal_can.o
    0x0800137a   0x0800137a   0x00000002   Code   RO          933    i.HAL_CAN_TxMailbox2AbortCallback  stm32f4xx_hal_can.o
    0x0800137c   0x0800137c   0x00000002   Code   RO          934    i.HAL_CAN_TxMailbox2CompleteCallback  stm32f4xx_hal_can.o
    0x0800137e   0x0800137e   0x00000002   Code   RO          936    i.HAL_CAN_WakeUpFromRxMsgCallback  stm32f4xx_hal_can.o
    0x08001380   0x08001380   0x000000a2   Code   RO         1699    i.HAL_DMA_Abort     stm32f4xx_hal_dma.o
    0x08001422   0x08001422   0x00000024   Code   RO         1700    i.HAL_DMA_Abort_IT  stm32f4xx_hal_dma.o
    0x08001446   0x08001446   0x00000002   PAD
    0x08001448   0x08001448   0x000001ec   Code   RO         1704    i.HAL_DMA_IRQHandler  stm32f4xx_hal_dma.o
    0x08001634   0x08001634   0x000000ec   Code   RO         1705    i.HAL_DMA_Init      stm32f4xx_hal_dma.o
    0x08001720   0x08001720   0x0000004a   Code   RO         1708    i.HAL_DMA_Start     stm32f4xx_hal_dma.o
    0x0800176a   0x0800176a   0x00000002   PAD
    0x0800176c   0x0800176c   0x00000028   Code   RO         2149    i.HAL_Delay         stm32f4xx_hal.o
    0x08001794   0x08001794   0x0000024c   Code   RO         1592    i.HAL_GPIO_Init     stm32f4xx_hal_gpio.o
    0x080019e0   0x080019e0   0x0000000e   Code   RO         1594    i.HAL_GPIO_ReadPin  stm32f4xx_hal_gpio.o
    0x080019ee   0x080019ee   0x0000000e   Code   RO         1596    i.HAL_GPIO_WritePin  stm32f4xx_hal_gpio.o
    0x080019fc   0x080019fc   0x0000000c   Code   RO         2157    i.HAL_GetTick       stm32f4xx_hal.o
    0x08001a08   0x08001a08   0x00000010   Code   RO         2163    i.HAL_IncTick       stm32f4xx_hal.o
    0x08001a18   0x08001a18   0x00000034   Code   RO         2164    i.HAL_Init          stm32f4xx_hal.o
    0x08001a4c   0x08001a4c   0x00000044   Code   RO         2165    i.HAL_InitTick      stm32f4xx_hal.o
    0x08001a90   0x08001a90   0x00000048   Code   RO          471    i.HAL_MspInit       stm32f4xx_hal_msp.o
    0x08001ad8   0x08001ad8   0x0000001c   Code   RO         2002    i.HAL_NVIC_EnableIRQ  stm32f4xx_hal_cortex.o
    0x08001af4   0x08001af4   0x00000068   Code   RO         2008    i.HAL_NVIC_SetPriority  stm32f4xx_hal_cortex.o
    0x08001b5c   0x08001b5c   0x00000024   Code   RO         2009    i.HAL_NVIC_SetPriorityGrouping  stm32f4xx_hal_cortex.o
    0x08001b80   0x08001b80   0x0000017c   Code   RO         1136    i.HAL_RCC_ClockConfig  stm32f4xx_hal_rcc.o
    0x08001cfc   0x08001cfc   0x0000000c   Code   RO         1141    i.HAL_RCC_GetHCLKFreq  stm32f4xx_hal_rcc.o
    0x08001d08   0x08001d08   0x00000020   Code   RO         1143    i.HAL_RCC_GetPCLK1Freq  stm32f4xx_hal_rcc.o
    0x08001d28   0x08001d28   0x00000020   Code   RO         1144    i.HAL_RCC_GetPCLK2Freq  stm32f4xx_hal_rcc.o
    0x08001d48   0x08001d48   0x00000070   Code   RO         1145    i.HAL_RCC_GetSysClockFreq  stm32f4xx_hal_rcc.o
    0x08001db8   0x08001db8   0x00000482   Code   RO         1148    i.HAL_RCC_OscConfig  stm32f4xx_hal_rcc.o
    0x0800223a   0x0800223a   0x00000002   PAD
    0x0800223c   0x0800223c   0x00000028   Code   RO         2013    i.HAL_SYSTICK_Config  stm32f4xx_hal_cortex.o
    0x08002264   0x08002264   0x0000002c   Code   RO          814    i.HAL_UARTEx_RxEventCallback  usart_app.o
    0x08002290   0x08002290   0x00000002   Code   RO         2474    i.HAL_UART_ErrorCallback  stm32f4xx_hal_uart.o
    0x08002292   0x08002292   0x00000002   PAD
    0x08002294   0x08002294   0x00000168   Code   RO          680    i.HAL_UART_IDLE_IRQHandler  remote_control.o
    0x080023fc   0x080023fc   0x00000268   Code   RO         2477    i.HAL_UART_IRQHandler  stm32f4xx_hal_uart.o
    0x08002664   0x08002664   0x00000066   Code   RO         2478    i.HAL_UART_Init     stm32f4xx_hal_uart.o
    0x080026ca   0x080026ca   0x00000002   PAD
    0x080026cc   0x080026cc   0x000001a8   Code   RO          296    i.HAL_UART_MspInit  usart.o
    0x08002874   0x08002874   0x00000020   Code   RO          681    i.HAL_UART_Receive_IT_IDLE  remote_control.o
    0x08002894   0x08002894   0x00000002   Code   RO         2484    i.HAL_UART_RxCpltCallback  stm32f4xx_hal_uart.o
    0x08002896   0x08002896   0x000000b8   Code   RO         2486    i.HAL_UART_Transmit  stm32f4xx_hal_uart.o
    0x0800294e   0x0800294e   0x00000002   Code   RO         2489    i.HAL_UART_TxCpltCallback  stm32f4xx_hal_uart.o
    0x08002950   0x08002950   0x00000004   Code   RO          357    i.HardFault_Handler  stm32f4xx_it.o
    0x08002954   0x08002954   0x0000012c   Code   RO          609    i.LimitAcceleration  pid.o
    0x08002a80   0x08002a80   0x00000044   Code   RO          224    i.MX_CAN1_Init      can.o
    0x08002ac4   0x08002ac4   0x00000044   Code   RO          225    i.MX_CAN2_Init      can.o
    0x08002b08   0x08002b08   0x00000068   Code   RO          271    i.MX_DMA_Init       dma.o
    0x08002b70   0x08002b70   0x00000208   Code   RO          198    i.MX_GPIO_Init      gpio.o
    0x08002d78   0x08002d78   0x0000003c   Code   RO          297    i.MX_USART1_UART_Init  usart.o
    0x08002db4   0x08002db4   0x00000038   Code   RO          298    i.MX_USART2_UART_Init  usart.o
    0x08002dec   0x08002dec   0x00000004   Code   RO          358    i.MemManage_Handler  stm32f4xx_it.o
    0x08002df0   0x08002df0   0x00000022   Code   RO          610    i.Motor_PID_Init    pid.o
    0x08002e12   0x08002e12   0x00000002   PAD
    0x08002e14   0x08002e14   0x0000032c   Code   RO          611    i.Motor_PID_calc    pid.o
    0x08003140   0x08003140   0x00000068   Code   RO          533    i.Motor_measure_fun  bsp_can.o
    0x080031a8   0x080031a8   0x00000004   Code   RO          359    i.NMI_Handler       stm32f4xx_it.o
    0x080031ac   0x080031ac   0x0000003c   Code   RO          613    i.PID_Total_Init    pid.o
    0x080031e8   0x080031e8   0x00000002   Code   RO          360    i.PendSV_Handler    stm32f4xx_it.o
    0x080031ea   0x080031ea   0x00000002   Code   RO          361    i.SVC_Handler       stm32f4xx_it.o
    0x080031ec   0x080031ec   0x00000058   Code   RO          534    i.Set_motor_cmd     bsp_can.o
    0x08003244   0x08003244   0x00000008   Code   RO          362    i.SysTick_Handler   stm32f4xx_it.o
    0x0800324c   0x0800324c   0x000000b4   Code   RO           14    i.SystemClock_Config  main.o
    0x08003300   0x08003300   0x00000014   Code   RO          496    i.SystemInit        system_stm32f4xx.o
    0x08003314   0x08003314   0x00000010   Code   RO         2491    i.UART_DMAAbortOnError  stm32f4xx_hal_uart.o
    0x08003324   0x08003324   0x0000004e   Code   RO         2501    i.UART_EndRxTransfer  stm32f4xx_hal_uart.o
    0x08003372   0x08003372   0x0000001a   Code   RO         2502    i.UART_EndTransmit_IT  stm32f4xx_hal_uart.o
    0x0800338c   0x0800338c   0x000000a4   Code   RO          682    i.UART_Receive_DMA_NoIT  remote_control.o
    0x08003430   0x08003430   0x000000ca   Code   RO         2504    i.UART_Receive_IT   stm32f4xx_hal_uart.o
    0x080034fa   0x080034fa   0x00000002   PAD
    0x080034fc   0x080034fc   0x000000fc   Code   RO         2505    i.UART_SetConfig    stm32f4xx_hal_uart.o
    0x080035f8   0x080035f8   0x0000005e   Code   RO         2508    i.UART_Transmit_IT  stm32f4xx_hal_uart.o
    0x08003656   0x08003656   0x0000008e   Code   RO         2509    i.UART_WaitOnFlagUntilTimeout  stm32f4xx_hal_uart.o
    0x080036e4   0x080036e4   0x00000010   Code   RO          683    i.USART1_IRQHandler  remote_control.o
    0x080036f4   0x080036f4   0x00000010   Code   RO          363    i.USART2_IRQHandler  stm32f4xx_it.o
    0x08003704   0x08003704   0x00000004   Code   RO          364    i.UsageFault_Handler  stm32f4xx_it.o
    0x08003708   0x08003708   0x00000020   Code   RO         3064    i.__0printf         mc_w.l(printfa.o)
    0x08003728   0x08003728   0x00000014   Code   RO         2818    i.__hardfp_fabs     m_wm.l(fabs.o)
    0x0800373c   0x0800373c   0x0000000e   Code   RO         3138    i.__scatterload_copy  mc_w.l(handlers.o)
    0x0800374a   0x0800374a   0x00000002   Code   RO         3139    i.__scatterload_null  mc_w.l(handlers.o)
    0x0800374c   0x0800374c   0x0000000e   Code   RO         3140    i.__scatterload_zeroinit  mc_w.l(handlers.o)
    0x0800375a   0x0800375a   0x00000002   PAD
    0x0800375c   0x0800375c   0x00000184   Code   RO         3071    i._fp_digits        mc_w.l(printfa.o)
    0x080038e0   0x080038e0   0x000006b4   Code   RO         3072    i._printf_core      mc_w.l(printfa.o)
    0x08003f94   0x08003f94   0x00000024   Code   RO         3073    i._printf_post_padding  mc_w.l(printfa.o)
    0x08003fb8   0x08003fb8   0x0000002e   Code   RO         3074    i._printf_pre_padding  mc_w.l(printfa.o)
    0x08003fe6   0x08003fe6   0x00000002   PAD
    0x08003fe8   0x08003fe8   0x0000005c   Code   RO          535    i.can_filter_init   bsp_can.o
    0x08004044   0x08004044   0x00000018   Code   RO          299    i.fputc             usart.o
    0x0800405c   0x0800405c   0x00000090   Code   RO          856    i.key_proc          key_app.o
    0x080040ec   0x080040ec   0x00000048   Code   RO          857    i.key_read          key_app.o
    0x08004134   0x08004134   0x0000014c   Code   RO           15    i.main              main.o
    0x08004280   0x08004280   0x0000000e   Code   RO          734    i.ringbuffer_is_empty  ringbuffer.o
    0x0800428e   0x0800428e   0x00000010   Code   RO          735    i.ringbuffer_is_full  ringbuffer.o
    0x0800429e   0x0800429e   0x00000044   Code   RO          736    i.ringbuffer_read   ringbuffer.o
    0x080042e2   0x080042e2   0x00000044   Code   RO          737    i.ringbuffer_write  ringbuffer.o
    0x08004326   0x08004326   0x00000002   PAD
    0x08004328   0x08004328   0x0000000c   Code   RO          781    i.scheduler_init    scheduler.o
    0x08004334   0x08004334   0x00000058   Code   RO          782    i.scheduler_run     scheduler.o
    0x0800438c   0x0800438c   0x00000044   Code   RO          815    i.uart_proc         usart_app.o
    0x080043d0   0x080043d0   0x00000018   Data   RO          497    .constdata          system_stm32f4xx.o
    0x080043e8   0x080043e8   0x00000008   Data   RO         1711    .constdata          stm32f4xx_hal_dma.o
    0x080043f0   0x080043f0   0x00000020   Data   RO         3136    Region$$Table       anon$$obj.o


    Execution Region RW_IRAM2 (Exec base: 0x10000000, Load base: 0x08004464, Size: 0x00000000, Max: 0x00010000, ABSOLUTE)

    **** No section assigned to this execution region ****


    Execution Region RW_IRAM1 (Exec base: 0x20000000, Load base: 0x08004410, Size: 0x00000b90, Max: 0x00030000, ABSOLUTE)

    Exec Addr    Load Addr    Size         Type   Attr      Idx    E Section Name        Object

    0x20000000   0x08004410   0x0000000d   Data   RW           16    .data               main.o
    0x2000000d   0x0800441d   0x00000003   PAD
    0x20000010   0x08004420   0x00000004   Data   RW          227    .data               can.o
    0x20000014   0x08004424   0x00000004   Data   RW          498    .data               system_stm32f4xx.o
    0x20000018   0x08004428   0x00000009   Data   RW          537    .data               bsp_can.o
    0x20000021   0x08004431   0x00000003   PAD
    0x20000024   0x08004434   0x0000001c   Data   RW          783    .data               scheduler.o
    0x20000040   0x08004450   0x00000004   Data   RW          860    .data               key_app.o
    0x20000044   0x08004454   0x0000000c   Data   RW         2171    .data               stm32f4xx_hal.o
    0x20000050   0x08004460   0x00000004   Data   RW         3114    .data               mc_w.l(stdout.o)
    0x20000054        -       0x00000050   Zero   RW          226    .bss                can.o
    0x200000a4        -       0x00000150   Zero   RW          300    .bss                usart.o
    0x200001f4        -       0x00000130   Zero   RW          536    .bss                bsp_can.o
    0x20000324        -       0x00000240   Zero   RW          616    .bss                pid.o
    0x20000564        -       0x0000007a   Zero   RW          684    .bss                remote_control.o
    0x200005de   0x08004464   0x00000002   PAD
    0x200005e0        -       0x000001ac   Zero   RW          816    .bss                usart_app.o
    0x2000078c   0x08004464   0x00000004   PAD
    0x20000790        -       0x00000400   Zero   RW            1    STACK               startup_stm32f427xx.o


==============================================================================

Image component sizes


      Code (inc. data)   RO Data    RW Data    ZI Data      Debug   Object Name

       388         34          0          9        304       5311   bsp_can.o
       524         46          0          4         80       2406   can.o
       104          6          0          0          0        794   dma.o
       520         34          0          0          0       1243   gpio.o
       216         42          0          4          0       1777   key_app.o
       518         74          0         13          0     722678   main.o
      1206         42          0          0        576       3940   pid.o
       776         20          0          0        122       4612   remote_control.o
       166          0          0          0          0       2788   ringbuffer.o
       100         14          0         28          0       1621   scheduler.o
        36          8        428          0       1024        836   startup_stm32f427xx.o
       188         30          0         12          0       9565   stm32f4xx_hal.o
      1992          6          0          0          0      14979   stm32f4xx_hal_can.o
       208         16          0          0          0      33547   stm32f4xx_hal_cortex.o
      1234         18          8          0          0       7459   stm32f4xx_hal_dma.o
       616         24          0          0          0       3079   stm32f4xx_hal_gpio.o
        72          4          0          0          0        838   stm32f4xx_hal_msp.o
      1722        104          0          0          0       6536   stm32f4xx_hal_rcc.o
      1718          8          0          0          0      11263   stm32f4xx_hal_uart.o
       146         42          0          0          0       7592   stm32f4xx_it.o
        20          6         24          4          0       1107   system_stm32f4xx.o
       564         62          0          0        336       3097   usart.o
       112         36          0          0        428       2216   usart_app.o

    ----------------------------------------------------------------------
     13170        676        492         80       2876     849284   Object Totals
         0          0         32          0          0          0   (incl. Generated)
        24          0          0          6          6          0   (incl. Padding)

    ----------------------------------------------------------------------

      Code (inc. data)   RO Data    RW Data    ZI Data      Debug   Library Member Name

        20          0          0          0          0        124   fabs.o
         0          0          0          0          0          0   entry.o
         0          0          0          0          0          0   entry10a.o
         0          0          0          0          0          0   entry11a.o
         4          0          0          0          0          0   entry12b.o
         8          4          0          0          0          0   entry2.o
         4          0          0          0          0          0   entry5.o
         0          0          0          0          0          0   entry7b.o
         0          0          0          0          0          0   entry8b.o
         8          4          0          0          0          0   entry9a.o
        30          0          0          0          0          0   handlers.o
        36          8          0          0          0         68   init.o
         0          0          0          0          0          0   iusefp.o
        30          0          0          0          0         68   llshl.o
        36          0          0          0          0         68   llsshr.o
        32          0          0          0          0         68   llushr.o
        36          0          0          0          0        108   memseta.o
      2218         90          0          0          0        464   printfa.o
         0          0          0          4          0          0   stdout.o
        44          0          0          0          0         80   uidiv.o
        98          0          0          0          0         92   uldiv.o
        48          0          0          0          0         68   cdcmple.o
        48          0          0          0          0         68   cdrcmple.o
       334          0          0          0          0        148   dadd.o
       222          0          0          0          0        100   ddiv.o
       186          0          0          0          0        176   depilogue.o
        48          0          0          0          0         68   dfixul.o
       228          0          0          0          0         96   dmul.o
        38          0          0          0          0         68   f2d.o

    ----------------------------------------------------------------------
      3762        106          0          4          0       1932   Library Totals
         6          0          0          0          0          0   (incl. Padding)

    ----------------------------------------------------------------------

      Code (inc. data)   RO Data    RW Data    ZI Data      Debug   Library Name

        20          0          0          0          0        124   m_wm.l
      2584        106          0          4          0       1016   mc_w.l
      1152          0          0          0          0        792   mf_w.l

    ----------------------------------------------------------------------
      3762        106          0          4          0       1932   Library Totals

    ----------------------------------------------------------------------

==============================================================================


      Code (inc. data)   RO Data    RW Data    ZI Data      Debug   

     16932        782        492         84       2876     840136   Grand Totals
     16932        782        492         84       2876     840136   ELF Image Totals
     16932        782        492         84          0          0   ROM Totals

==============================================================================

    Total RO  Size (Code + RO Data)                17424 (  17.02kB)
    Total RW  Size (RW Data + ZI Data)              2960 (   2.89kB)
    Total ROM Size (Code + RO Data + RW Data)      17508 (  17.10kB)

==============================================================================

